Archive member included to satisfy reference by file (symbol)

.\CortexM0\ARM_GCC_541\Debug\Design_Task_16.a(UART.o)
                              .\CortexM0\ARM_GCC_541\Debug\main.o (UART_Start)
.\CortexM0\ARM_GCC_541\Debug\Design_Task_16.a(UART_UART.o)
                              .\CortexM0\ARM_GCC_541\Debug\Design_Task_16.a(UART.o) (UART_UartInit)
.\CortexM0\ARM_GCC_541\Debug\Design_Task_16.a(ADC_SAR_Seq.o)
                              .\CortexM0\ARM_GCC_541\Debug\main.o (ADC_SAR_Seq_Start)
.\CortexM0\ARM_GCC_541\Debug\Design_Task_16.a(ADC_SAR_Seq_INT.o)
                              .\CortexM0\ARM_GCC_541\Debug\Design_Task_16.a(ADC_SAR_Seq.o) (ADC_SAR_Seq_ISR)
.\CortexM0\ARM_GCC_541\Debug\Design_Task_16.a(SPIM.o)
                              .\CortexM0\ARM_GCC_541\Debug\main.o (SPIM_WriteTxData)
.\CortexM0\ARM_GCC_541\Debug\Design_Task_16.a(isr_100Hz.o)
                              .\CortexM0\ARM_GCC_541\Debug\main.o (isr_100Hz_StartEx)
.\CortexM0\ARM_GCC_541\Debug\Design_Task_16.a(isr_1.o)
                              .\CortexM0\ARM_GCC_541\Debug\main.o (isr_1_StartEx)
.\CortexM0\ARM_GCC_541\Debug\Design_Task_16.a(SPIM_IntClock.o)
                              .\CortexM0\ARM_GCC_541\Debug\Design_Task_16.a(SPIM.o) (SPIM_IntClock_StartEx)
.\CortexM0\ARM_GCC_541\Debug\Design_Task_16.a(CyLib.o)
                              .\CortexM0\ARM_GCC_541\Debug\cyfitter_cfg.o (CyIntEnable)
.\CortexM0\ARM_GCC_541\Debug\Design_Task_16.a(CyLFClk.o)
                              .\CortexM0\ARM_GCC_541\Debug\cyfitter_cfg.o (CySysClkWcoStart)
.\CortexM0\ARM_GCC_541\Debug\Design_Task_16.a(Conv_Counter.o)
                              .\CortexM0\ARM_GCC_541\Debug\main.o (Conv_Counter_WriteCounter)
.\CortexM0\ARM_GCC_541\Debug\Design_Task_16.a(Second_PWM.o)
                              .\CortexM0\ARM_GCC_541\Debug\main.o (Second_PWM_Start)
.\CortexM0\ARM_GCC_541\Debug\Design_Task_16.a(CyBootAsmGnu.o)
                              .\CortexM0\ARM_GCC_541\Debug\cyfitter_cfg.o (CyDelayCycles)
.\CortexM0\ARM_GCC_541\Debug\Design_Task_16.a(UART_SPI_UART.o)
                              .\CortexM0\ARM_GCC_541\Debug\Design_Task_16.a(UART_UART.o) (UART_SpiUartReadRxData)
c:/program files (x86)/cypress/psoc creator/4.2/psoc creator/import/gnu/arm/5.4.1/bin/../lib/gcc/arm-none-eabi/5.4.1/armv6-m\libgcc.a(_udivsi3.o)
                              .\CortexM0\ARM_GCC_541\Debug\main.o (__aeabi_uidiv)
c:/program files (x86)/cypress/psoc creator/4.2/psoc creator/import/gnu/arm/5.4.1/bin/../lib/gcc/arm-none-eabi/5.4.1/armv6-m\libgcc.a(_divsi3.o)
                              .\CortexM0\ARM_GCC_541\Debug\main.o (__aeabi_idiv)
c:/program files (x86)/cypress/psoc creator/4.2/psoc creator/import/gnu/arm/5.4.1/bin/../lib/gcc/arm-none-eabi/5.4.1/armv6-m\libgcc.a(_dvmd_tls.o)
                              c:/program files (x86)/cypress/psoc creator/4.2/psoc creator/import/gnu/arm/5.4.1/bin/../lib/gcc/arm-none-eabi/5.4.1/armv6-m\libgcc.a(_udivsi3.o) (__aeabi_idiv0)
c:/program files (x86)/cypress/psoc creator/4.2/psoc creator/import/gnu/arm/5.4.1/bin/../lib/gcc/arm-none-eabi/5.4.1/armv6-m\libgcc.a(_aeabi_ldivmod.o)
                              .\CortexM0\ARM_GCC_541\Debug\Design_Task_16.a(ADC_SAR_Seq.o) (__aeabi_ldivmod)
c:/program files (x86)/cypress/psoc creator/4.2/psoc creator/import/gnu/arm/5.4.1/bin/../lib/gcc/arm-none-eabi/5.4.1/armv6-m\libgcc.a(_muldi3.o)
                              .\CortexM0\ARM_GCC_541\Debug\Design_Task_16.a(ADC_SAR_Seq.o) (__aeabi_lmul)
c:/program files (x86)/cypress/psoc creator/4.2/psoc creator/import/gnu/arm/5.4.1/bin/../lib/gcc/arm-none-eabi/5.4.1/armv6-m\libgcc.a(bpabi.o)
                              c:/program files (x86)/cypress/psoc creator/4.2/psoc creator/import/gnu/arm/5.4.1/bin/../lib/gcc/arm-none-eabi/5.4.1/armv6-m\libgcc.a(_aeabi_ldivmod.o) (__gnu_ldivmod_helper)
c:/program files (x86)/cypress/psoc creator/4.2/psoc creator/import/gnu/arm/5.4.1/bin/../lib/gcc/arm-none-eabi/5.4.1/armv6-m\libgcc.a(divsf3.o)
                              .\CortexM0\ARM_GCC_541\Debug\Design_Task_16.a(ADC_SAR_Seq.o) (__aeabi_fdiv)
c:/program files (x86)/cypress/psoc creator/4.2/psoc creator/import/gnu/arm/5.4.1/bin/../lib/gcc/arm-none-eabi/5.4.1/armv6-m\libgcc.a(mulsf3.o)
                              .\CortexM0\ARM_GCC_541\Debug\main.o (__aeabi_fmul)
c:/program files (x86)/cypress/psoc creator/4.2/psoc creator/import/gnu/arm/5.4.1/bin/../lib/gcc/arm-none-eabi/5.4.1/armv6-m\libgcc.a(fixsfsi.o)
                              .\CortexM0\ARM_GCC_541\Debug\main.o (__aeabi_f2iz)
c:/program files (x86)/cypress/psoc creator/4.2/psoc creator/import/gnu/arm/5.4.1/bin/../lib/gcc/arm-none-eabi/5.4.1/armv6-m\libgcc.a(floatsisf.o)
                              .\CortexM0\ARM_GCC_541\Debug\main.o (__aeabi_i2f)
c:/program files (x86)/cypress/psoc creator/4.2/psoc creator/import/gnu/arm/5.4.1/bin/../lib/gcc/arm-none-eabi/5.4.1/armv6-m\libgcc.a(_clzsi2.o)
[...]
Memory Configuration

Name             Origin             Length             Attributes
rom              0x00000000         0x00040000         xr
ram              0x20000000         0x00008000         xrw
*default*        0x00000000         0xffffffff

Linker script and memory map

LOAD c:/program files (x86)/cypress/psoc creator/4.2/psoc creator/import/gnu/arm/5.4.1/bin/../lib/gcc/arm-none-eabi/5.4.1/armv6-m/crti.o
LOAD c:/program files (x86)/cypress/psoc creator/4.2/psoc creator/import/gnu/arm/5.4.1/bin/../lib/gcc/arm-none-eabi/5.4.1/armv6-m/crtbegin.o
LOAD c:/program files (x86)/cypress/psoc creator/4.2/psoc creator/import/gnu/arm/5.4.1/bin/../lib/gcc/arm-none-eabi/5.4.1/../../../../arm-none-eabi/lib/armv6-m/crt0.o
START GROUP
LOAD .\CortexM0\ARM_GCC_541\Debug\main.o
LOAD .\CortexM0\ARM_GCC_541\Debug\cyfitter_cfg.o
LOAD .\CortexM0\ARM_GCC_541\Debug\cymetadata.o
LOAD .\CortexM0\ARM_GCC_541\Debug\Cm0Start.o
LOAD .\CortexM0\ARM_GCC_541\Debug\Design_Task_16.a
END GROUP
START GROUP
LOAD c:/program files (x86)/cypress/psoc creator/4.2/psoc creator/import/gnu/arm/5.4.1/bin/../lib/gcc/arm-none-eabi/5.4.1/armv6-m\libgcc.a
LOAD c:/program files (x86)/cypress/psoc creator/4.2/psoc creator/import/gnu/arm/5.4.1/bin/../lib/gcc/arm-none-eabi/5.4.1/../../../../arm-none-eabi/lib/armv6-m\libg_nano.a
LOAD c:/program files (x86)/cypress/psoc creator/4.2/psoc creator/import/gnu/arm/5.4.1/bin/../lib/gcc/arm-none-eabi/5.4.1/../../../../arm-none-eabi/lib/armv6-m\libc_nano.a
END GROUP
START GROUP
LOAD c:/program files (x86)/cypress/psoc creator/4.2/psoc creator/import/gnu/arm/5.4.1/bin/../lib/gcc/arm-none-eabi/5.4.1/armv6-m\libgcc.a
LOAD c:/program files (x86)/cypress/psoc creator/4.2/psoc creator/import/gnu/arm/5.4.1/bin/../lib/gcc/arm-none-eabi/5.4.1/../../../../arm-none-eabi/lib/armv6-m\libc_nano.a
END GROUP
LOAD c:/program files (x86)/cypress/psoc creator/4.2/psoc creator/import/gnu/arm/5.4.1/bin/../lib/gcc/arm-none-eabi/5.4.1/armv6-m/crtend.o
LOAD c:/program files (x86)/cypress/psoc creator/4.2/psoc creator/import/gnu/arm/5.4.1/bin/../lib/gcc/arm-none-eabi/5.4.1/armv6-m/crtn.o
START GROUP
LOAD c:/program files (x86)/cypress/psoc creator/4.2/psoc creator/import/gnu/arm/5.4.1/bin/../lib/gcc/arm-none-eabi/5.4.1/armv6-m\libgcc.a
LOAD c:/program files (x86)/cypress/psoc creator/4.2/psoc creator/import/gnu/arm/5.4.1/bin/../lib/gcc/arm-none-eabi/5.4.1/../../../../arm-none-eabi/lib/armv6-m\libc.a
LOAD c:/program files (x86)/cypress/psoc creator/4.2/psoc creator/import/gnu/arm/5.4.1/bin/../lib/gcc/arm-none-eabi/5.4.1/../../../../arm-none-eabi/lib/armv6-m\libnosys.a
END GROUP
                0x00000000                CY_APPL_ORIGIN = 0x0
                0x00000100                CY_FLASH_ROW_SIZE = 0x100
                0x00000001                CY_APPL_NUM = 0x1
                0x00000001                CY_APPL_MAX = 0x1
                0x00000040                CY_METADATA_SIZE = 0x40
                0x00000000                CY_APPL_LOADABLE = 0x0
                0x00000000                CY_CHECKSUM_EXCLUDE_SIZE = ALIGN (0x0, CY_FLASH_ROW_SIZE)
                0x00000000                CY_APP_FOR_STACK_AND_COPIER = 0x0
                [!provide]                PROVIDE (__cy_heap_start, _end)
                0x00000001                PROVIDE (__cy_region_num, ((__cy_regions_end - __cy_regions) / 0x10))
                0x20008000                PROVIDE (__cy_stack, (ORIGIN (ram) + LENGTH (ram)))
                [!provide]                PROVIDE (__cy_heap_end, (__cy_stack - 0x800))

.cybootloader   0x00000000        0x0
 *(.cybootloader)
                0x00000000                appl1_start = CY_APPL_ORIGIN?CY_APPL_ORIGIN:ALIGN (CY_FLASH_ROW_SIZE)
                0x0001ff00                appl2_start = (appl1_start + ALIGN ((((LENGTH (rom) - appl1_start) - (0x2 * CY_FLASH_ROW_SIZE)) / 0x2), CY_FLASH_ROW_SIZE))
                0x00000000                appl_start = (CY_APPL_NUM == 0x1)?appl1_start:appl2_start
                0x00000001                cy_project_type_bootloader = (appl_start == 0x0)?0x1:0x0
                0x00000000                cy_project_type_app_for_stack_and_copier = (CY_APP_FOR_STACK_AND_COPIER == 0x1)?0x1:0x0

.text           0x00000000     0x26a2
 CREATE_OBJECT_SYMBOLS
                0x00000000                PROVIDE (__cy_interrupt_vector, RomVectors)
 *(.romvectors)
 .romvectors    0x00000000       0x10 .\CortexM0\ARM_GCC_541\Debug\Cm0Start.o
                0x00000000                RomVectors
                0x00000001                ASSERT ((. != __cy_interrupt_vector), No interrupt vector)
                0x00000001                ASSERT (CY_APPL_ORIGIN?(SIZEOF (.cybootloader) <= CY_APPL_ORIGIN):0x1, Wrong image location)
                0x00000010                PROVIDE (__cy_reset, Reset)
 *(.text.Reset)
 .text.Reset    0x00000010        0x8 .\CortexM0\ARM_GCC_541\Debug\Cm0Start.o
                0x00000010                Reset
                0x00000001                ASSERT ((. != __cy_reset), No reset code)
 *(.psocinit)
 .psocinit      0x00000018      0x2dc .\CortexM0\ARM_GCC_541\Debug\cyfitter_cfg.o
                0x00000188                cyfitter_cfg
                0x000002f4                . = MAX (., 0x100)
 *(.text .text.* .gnu.linkonce.t.*)
 .text          0x000002f4       0x60 c:/program files (x86)/cypress/psoc creator/4.2/psoc creator/import/gnu/arm/5.4.1/bin/../lib/gcc/arm-none-eabi/5.4.1/armv6-m/crtbegin.o
 .text.isr_100Hz
                0x00000354       0x24 .\CortexM0\ARM_GCC_541\Debug\main.o
                0x00000354                isr_100Hz
 .text.isr_1    0x00000378       0x3c .\CortexM0\ARM_GCC_541\Debug\main.o
                0x00000378                isr_1
 .text.CountsTo_mVolts_Custom
                0x000003b4       0x18 .\CortexM0\ARM_GCC_541\Debug\main.o
                0x000003b4                CountsTo_mVolts_Custom
 .text.out7seg  0x000003cc       0x70 .\CortexM0\ARM_GCC_541\Debug\main.o
                0x000003cc                out7seg
 .text.main     0x0000043c       0xe8 .\CortexM0\ARM_GCC_541\Debug\main.o
                0x0000043c                main
 .text.cfg_write_bytes32
                0x00000524       0x34 .\CortexM0\ARM_GCC_541\Debug\cyfitter_cfg.o
 .text.AnalogSetDefault
                0x00000558       0x34 .\CortexM0\ARM_GCC_541\Debug\cyfitter_cfg.o
 .text.CYMEMZERO
                0x0000058c        0xc .\CortexM0\ARM_GCC_541\Debug\cyfitter_cfg.o
 .text.CYCONFIGCPYCODE
                0x00000598        0x8 .\CortexM0\ARM_GCC_541\Debug\cyfitter_cfg.o
 .text.IntDefaultHandler
                0x000005a0       0x10 .\CortexM0\ARM_GCC_541\Debug\Cm0Start.o
                0x000005a0                IntDefaultHandler
 .text._sbrk    0x000005b0       0x30 .\CortexM0\ARM_GCC_541\Debug\Cm0Start.o
                0x000005b0                _sbrk
 .text.Start_c  0x000005e0       0x48 .\CortexM0\ARM_GCC_541\Debug\Cm0Start.o
                0x000005e0                Start_c
 .text.initialize_psoc
                0x00000628       0x4c .\CortexM0\ARM_GCC_541\Debug\Cm0Start.o
                0x00000628                initialize_psoc
 .text.UART_ScbModePostEnable
                0x00000674        0x8 .\CortexM0\ARM_GCC_541\Debug\Design_Task_16.a(UART.o)
 .text.UART_Init
                0x0000067c        0x8 .\CortexM0\ARM_GCC_541\Debug\Design_Task_16.a(UART.o)
                0x0000067c                UART_Init
 .text.UART_Enable
                0x00000684       0x18 .\CortexM0\ARM_GCC_541\Debug\Design_Task_16.a(UART.o)
                0x00000684                UART_Enable
 .text.UART_Start
                0x0000069c       0x20 .\CortexM0\ARM_GCC_541\Debug\Design_Task_16.a(UART.o)
                0x0000069c                UART_Start
 .text.UART_UartInit
                0x000006bc       0xa8 .\CortexM0\ARM_GCC_541\Debug\Design_Task_16.a(UART_UART.o)
                0x000006bc                UART_UartInit
 .text.UART_UartPostEnable
                0x00000764       0x2c .\CortexM0\ARM_GCC_541\Debug\Design_Task_16.a(UART_UART.o)
                0x00000764                UART_UartPostEnable
 .text.UART_UartPutString
                0x00000790       0x18 .\CortexM0\ARM_GCC_541\Debug\Design_Task_16.a(UART_UART.o)
                0x00000790                UART_UartPutString
 .text.ADC_SAR_Seq_Init
                0x000007a8       0xf0 .\CortexM0\ARM_GCC_541\Debug\Design_Task_16.a(ADC_SAR_Seq.o)
                0x000007a8                ADC_SAR_Seq_Init
 .text.ADC_SAR_Seq_Enable
                0x00000898       0x30 .\CortexM0\ARM_GCC_541\Debug\Design_Task_16.a(ADC_SAR_Seq.o)
                0x00000898                ADC_SAR_Seq_Enable
 .text.ADC_SAR_Seq_Start
                0x000008c8       0x20 .\CortexM0\ARM_GCC_541\Debug\Design_Task_16.a(ADC_SAR_Seq.o)
                0x000008c8                ADC_SAR_Seq_Start
 .text.ADC_SAR_Seq_StartConvert
                0x000008e8       0x14 .\CortexM0\ARM_GCC_541\Debug\Design_Task_16.a(ADC_SAR_Seq.o)
                0x000008e8                ADC_SAR_Seq_StartConvert
 .text.ADC_SAR_Seq_IsEndConversion
                0x000008fc       0x28 .\CortexM0\ARM_GCC_541\Debug\Design_Task_16.a(ADC_SAR_Seq.o)
                0x000008fc                ADC_SAR_Seq_IsEndConversion
 .text.ADC_SAR_Seq_GetResult16
                0x00000924       0x2c .\CortexM0\ARM_GCC_541\Debug\Design_Task_16.a(ADC_SAR_Seq.o)
                0x00000924                ADC_SAR_Seq_GetResult16
 .text.ADC_SAR_Seq_CountsTo_mVolts
                0x00000950       0x5c .\CortexM0\ARM_GCC_541\Debug\Design_Task_16.a(ADC_SAR_Seq.o)
                0x00000950                ADC_SAR_Seq_CountsTo_mVolts
 .text.ADC_SAR_Seq_CountsTo_uVolts
                0x000009ac       0x40 .\CortexM0\ARM_GCC_541\Debug\Design_Task_16.a(ADC_SAR_Seq.o)
                0x000009ac                ADC_SAR_Seq_CountsTo_uVolts
 .text.ADC_SAR_Seq_CountsTo_Volts
                0x000009ec       0x48 .\CortexM0\ARM_GCC_541\Debug\Design_Task_16.a(ADC_SAR_Seq.o)
                0x000009ec                ADC_SAR_Seq_CountsTo_Volts
 .text.ADC_SAR_Seq_ISR
                0x00000a34        0xc .\CortexM0\ARM_GCC_541\Debug\Design_Task_16.a(ADC_SAR_Seq_INT.o)
                0x00000a34                ADC_SAR_Seq_ISR
 .text.SPIM_Enable
                0x00000a40       0x40 .\CortexM0\ARM_GCC_541\Debug\Design_Task_16.a(SPIM.o)
                0x00000a40                SPIM_Enable
 .text.SPIM_ReadTxStatus
                0x00000a80        0xc .\CortexM0\ARM_GCC_541\Debug\Design_Task_16.a(SPIM.o)
                0x00000a80                SPIM_ReadTxStatus
 .text.SPIM_ReadRxStatus
                0x00000a8c        0xc .\CortexM0\ARM_GCC_541\Debug\Design_Task_16.a(SPIM.o)
                0x00000a8c                SPIM_ReadRxStatus
 .text.SPIM_WriteTxData
                0x00000a98       0x18 .\CortexM0\ARM_GCC_541\Debug\Design_Task_16.a(SPIM.o)
                0x00000a98                SPIM_WriteTxData
 .text.SPIM_ClearFIFO
                0x00000ab0       0x50 .\CortexM0\ARM_GCC_541\Debug\Design_Task_16.a(SPIM.o)
                0x00000ab0                SPIM_ClearFIFO
 .text.SPIM_Init
                0x00000b00       0x2c .\CortexM0\ARM_GCC_541\Debug\Design_Task_16.a(SPIM.o)
                0x00000b00                SPIM_Init
 .text.SPIM_Start
                0x00000b2c       0x20 .\CortexM0\ARM_GCC_541\Debug\Design_Task_16.a(SPIM.o)
                0x00000b2c                SPIM_Start
 .text.isr_100Hz_SetVector
                0x00000b4c        0xc .\CortexM0\ARM_GCC_541\Debug\Design_Task_16.a(isr_100Hz.o)
                0x00000b4c                isr_100Hz_SetVector
 .text.isr_100Hz_SetPriority
                0x00000b58       0x24 .\CortexM0\ARM_GCC_541\Debug\Design_Task_16.a(isr_100Hz.o)
                0x00000b58                isr_100Hz_SetPriority
 .text.isr_100Hz_Enable
                0x00000b7c        0xc .\CortexM0\ARM_GCC_541\Debug\Design_Task_16.a(isr_100Hz.o)
                0x00000b7c                isr_100Hz_Enable
 .text.isr_100Hz_Disable
                0x00000b88        0xc .\CortexM0\ARM_GCC_541\Debug\Design_Task_16.a(isr_100Hz.o)
                0x00000b88                isr_100Hz_Disable
 .text.isr_100Hz_StartEx
                0x00000b94       0x1c .\CortexM0\ARM_GCC_541\Debug\Design_Task_16.a(isr_100Hz.o)
                0x00000b94                isr_100Hz_StartEx
 .text.isr_1_SetVector
                0x00000bb0        0xc .\CortexM0\ARM_GCC_541\Debug\Design_Task_16.a(isr_1.o)
                0x00000bb0                isr_1_SetVector
 .text.isr_1_SetPriority
                0x00000bbc       0x24 .\CortexM0\ARM_GCC_541\Debug\Design_Task_16.a(isr_1.o)
                0x00000bbc                isr_1_SetPriority
 .text.isr_1_Enable
                0x00000be0       0x10 .\CortexM0\ARM_GCC_541\Debug\Design_Task_16.a(isr_1.o)
                0x00000be0                isr_1_Enable
 .text.isr_1_Disable
                0x00000bf0       0x10 .\CortexM0\ARM_GCC_541\Debug\Design_Task_16.a(isr_1.o)
                0x00000bf0                isr_1_Disable
 .text.isr_1_StartEx
                0x00000c00       0x1c .\CortexM0\ARM_GCC_541\Debug\Design_Task_16.a(isr_1.o)
                0x00000c00                isr_1_StartEx
 .text.SPIM_IntClock_StartEx
                0x00000c1c       0x1c .\CortexM0\ARM_GCC_541\Debug\Design_Task_16.a(SPIM_IntClock.o)
                0x00000c1c                SPIM_IntClock_StartEx
 .text.CySysClkEcoReadStatus
                0x00000c38       0x10 .\CortexM0\ARM_GCC_541\Debug\Design_Task_16.a(CyLib.o)
                0x00000c38                CySysClkEcoReadStatus
 .text.CyIntEnable
                0x00000c48       0x14 .\CortexM0\ARM_GCC_541\Debug\Design_Task_16.a(CyLib.o)
                0x00000c48                CyIntEnable
 .text.CyHalt   0x00000c5c        0x4 .\CortexM0\ARM_GCC_541\Debug\Design_Task_16.a(CyLib.o)
                0x00000c5c                CyHalt
 .text.CyIntSetVector
                0x00000c60       0x24 .\CortexM0\ARM_GCC_541\Debug\Design_Task_16.a(CyLib.o)
                0x00000c60                CyIntSetVector
 .text.CyIntSetPriority
                0x00000c84       0x4c .\CortexM0\ARM_GCC_541\Debug\Design_Task_16.a(CyLib.o)
                0x00000c84                CyIntSetPriority
 .text.CyDelay  0x00000cd0       0x30 .\CortexM0\ARM_GCC_541\Debug\Design_Task_16.a(CyLib.o)
                0x00000cd0                CyDelay
 .text.CyDelayUs
                0x00000d00       0x14 .\CortexM0\ARM_GCC_541\Debug\Design_Task_16.a(CyLib.o)
                0x00000d00                CyDelayUs
 .text.CySysClkWriteImoFreq
                0x00000d14      0x164 .\CortexM0\ARM_GCC_541\Debug\Design_Task_16.a(CyLib.o)
                0x00000d14                CySysClkWriteImoFreq
 .text.CySysClkEcoStart
                0x00000e78       0x54 .\CortexM0\ARM_GCC_541\Debug\Design_Task_16.a(CyLib.o)
                0x00000e78                CySysClkEcoStart
 .text.CySysWdtLocked
                0x00000ecc       0x14 .\CortexM0\ARM_GCC_541\Debug\Design_Task_16.a(CyLFClk.o)
 .text.CySysClkWcoStart
                0x00000ee0       0x40 .\CortexM0\ARM_GCC_541\Debug\Design_Task_16.a(CyLFClk.o)
                0x00000ee0                CySysClkWcoStart
 .text.CySysClkWcoSetPowerMode
                0x00000f20       0x80 .\CortexM0\ARM_GCC_541\Debug\Design_Task_16.a(CyLFClk.o)
                0x00000f20                CySysClkWcoSetPowerMode
 .text.CySysWdtLock
                0x00000fa0       0x1c .\CortexM0\ARM_GCC_541\Debug\Design_Task_16.a(CyLFClk.o)
                0x00000fa0                CySysWdtLock
 .text.CySysWdtUnlock
                0x00000fbc       0x30 .\CortexM0\ARM_GCC_541\Debug\Design_Task_16.a(CyLFClk.o)
                0x00000fbc                CySysWdtUnlock
 .text.CySysWdtClearInterrupt
                0x00000fec       0x4c .\CortexM0\ARM_GCC_541\Debug\Design_Task_16.a(CyLFClk.o)
                0x00000fec                CySysWdtClearInterrupt
 .text.CySysWdtIsr
                0x00001038       0xa4 .\CortexM0\ARM_GCC_541\Debug\Design_Task_16.a(CyLFClk.o)
                0x00001038                CySysWdtIsr
 .text.Conv_Counter_WriteCounter
                0x000010dc       0x10 .\CortexM0\ARM_GCC_541\Debug\Design_Task_16.a(Conv_Counter.o)
                0x000010dc                Conv_Counter_WriteCounter
 .text.Conv_Counter_ReadCounter
                0x000010ec       0x10 .\CortexM0\ARM_GCC_541\Debug\Design_Task_16.a(Conv_Counter.o)
                0x000010ec                Conv_Counter_ReadCounter
 .text.Conv_Counter_WritePeriod
                0x000010fc       0x10 .\CortexM0\ARM_GCC_541\Debug\Design_Task_16.a(Conv_Counter.o)
                0x000010fc                Conv_Counter_WritePeriod
 .text.Conv_Counter_TriggerCommand
                0x0000110c       0x1c .\CortexM0\ARM_GCC_541\Debug\Design_Task_16.a(Conv_Counter.o)
                0x0000110c                Conv_Counter_TriggerCommand
 .text.Conv_Counter_Enable
                0x00001128       0x24 .\CortexM0\ARM_GCC_541\Debug\Design_Task_16.a(Conv_Counter.o)
                0x00001128                Conv_Counter_Enable
 .text.Conv_Counter_SetInterruptMode
                0x0000114c        0xc .\CortexM0\ARM_GCC_541\Debug\Design_Task_16.a(Conv_Counter.o)
                0x0000114c                Conv_Counter_SetInterruptMode
 .text.Conv_Counter_Init
                0x00001158       0x30 .\CortexM0\ARM_GCC_541\Debug\Design_Task_16.a(Conv_Counter.o)
                0x00001158                Conv_Counter_Init
 .text.Conv_Counter_Start
                0x00001188       0x20 .\CortexM0\ARM_GCC_541\Debug\Design_Task_16.a(Conv_Counter.o)
                0x00001188                Conv_Counter_Start
 .text.Conv_Counter_ClearInterrupt
                0x000011a8        0xc .\CortexM0\ARM_GCC_541\Debug\Design_Task_16.a(Conv_Counter.o)
                0x000011a8                Conv_Counter_ClearInterrupt
 .text.Second_PWM_WriteCounter
                0x000011b4       0x10 .\CortexM0\ARM_GCC_541\Debug\Design_Task_16.a(Second_PWM.o)
                0x000011b4                Second_PWM_WriteCounter
 .text.Second_PWM_WritePeriod
                0x000011c4       0x10 .\CortexM0\ARM_GCC_541\Debug\Design_Task_16.a(Second_PWM.o)
                0x000011c4                Second_PWM_WritePeriod
 .text.Second_PWM_WriteCompare
                0x000011d4       0x10 .\CortexM0\ARM_GCC_541\Debug\Design_Task_16.a(Second_PWM.o)
                0x000011d4                Second_PWM_WriteCompare
 .text.Second_PWM_TriggerCommand
                0x000011e4       0x1c .\CortexM0\ARM_GCC_541\Debug\Design_Task_16.a(Second_PWM.o)
                0x000011e4                Second_PWM_TriggerCommand
 .text.Second_PWM_Enable
                0x00001200       0x24 .\CortexM0\ARM_GCC_541\Debug\Design_Task_16.a(Second_PWM.o)
                0x00001200                Second_PWM_Enable
 .text.Second_PWM_SetInterruptMode
                0x00001224        0xc .\CortexM0\ARM_GCC_541\Debug\Design_Task_16.a(Second_PWM.o)
                0x00001224                Second_PWM_SetInterruptMode
 .text.Second_PWM_Init
                0x00001230       0x4c .\CortexM0\ARM_GCC_541\Debug\Design_Task_16.a(Second_PWM.o)
                0x00001230                Second_PWM_Init
 .text.Second_PWM_Start
                0x0000127c       0x20 .\CortexM0\ARM_GCC_541\Debug\Design_Task_16.a(Second_PWM.o)
                0x0000127c                Second_PWM_Start
 *fill*         0x0000129c        0x4 
 .text          0x000012a0       0x20 .\CortexM0\ARM_GCC_541\Debug\Design_Task_16.a(CyBootAsmGnu.o)
                0x000012a0                CyDelayCycles
                0x000012b2                CyEnterCriticalSection
                0x000012ba                CyExitCriticalSection
 .text.UART_SpiUartWriteTxData
                0x000012c0       0x1c .\CortexM0\ARM_GCC_541\Debug\Design_Task_16.a(UART_SPI_UART.o)
                0x000012c0                UART_SpiUartWriteTxData
 .text          0x000012dc      0x114 c:/program files (x86)/cypress/psoc creator/4.2/psoc creator/import/gnu/arm/5.4.1/bin/../lib/gcc/arm-none-eabi/5.4.1/armv6-m\libgcc.a(_udivsi3.o)
                0x000012dc                __aeabi_uidiv
                0x000012dc                __udivsi3
                0x000013e8                __aeabi_uidivmod
 .text          0x000013f0      0x1d4 c:/program files (x86)/cypress/psoc creator/4.2/psoc creator/import/gnu/arm/5.4.1/bin/../lib/gcc/arm-none-eabi/5.4.1/armv6-m\libgcc.a(_divsi3.o)
                0x000013f0                __divsi3
                0x000013f0                __aeabi_idiv
                0x000015bc                __aeabi_idivmod
 .text          0x000015c4        0x4 c:/program files (x86)/cypress/psoc creator/4.2/psoc creator/import/gnu/arm/5.4.1/bin/../lib/gcc/arm-none-eabi/5.4.1/armv6-m\libgcc.a(_dvmd_tls.o)
                0x000015c4                __aeabi_idiv0
                0x000015c4                __aeabi_ldiv0
 .text          0x000015c8       0x48 c:/program files (x86)/cypress/psoc creator/4.2/psoc creator/import/gnu/arm/5.4.1/bin/../lib/gcc/arm-none-eabi/5.4.1/armv6-m\libgcc.a(_aeabi_ldivmod.o)
                0x000015c8                __aeabi_ldivmod
 .text          0x00001610       0x58 c:/program files (x86)/cypress/psoc creator/4.2/psoc creator/import/gnu/arm/5.4.1/bin/../lib/gcc/arm-none-eabi/5.4.1/armv6-m\libgcc.a(_muldi3.o)
                0x00001610                __muldi3
                0x00001610                __aeabi_lmul
 .text          0x00001668       0x38 c:/program files (x86)/cypress/psoc creator/4.2/psoc creator/import/gnu/arm/5.4.1/bin/../lib/gcc/arm-none-eabi/5.4.1/armv6-m\libgcc.a(bpabi.o)
                0x00001668                __gnu_ldivmod_helper
 .text          0x000016a0      0x234 c:/program files (x86)/cypress/psoc creator/4.2/psoc creator/import/gnu/arm/5.4.1/bin/../lib/gcc/arm-none-eabi/5.4.1/armv6-m\libgcc.a(divsf3.o)
                0x000016a0                __aeabi_fdiv
 .text          0x000018d4      0x228 c:/program files (x86)/cypress/psoc creator/4.2/psoc creator/import/gnu/arm/5.4.1/bin/../lib/gcc/arm-none-eabi/5.4.1/armv6-m\libgcc.a(mulsf3.o)
                0x000018d4                __aeabi_fmul
 .text          0x00001afc       0x44 c:/program files (x86)/cypress/psoc creator/4.2/psoc creator/import/gnu/arm/5.4.1/bin/../lib/gcc/arm-none-eabi/5.4.1/armv6-m\libgcc.a(fixsfsi.o)
                0x00001afc                __aeabi_f2iz
 .text          0x00001b40       0x90 c:/program files (x86)/cypress/psoc creator/4.2/psoc creator/import/gnu/arm/5.4.1/bin/../lib/gcc/arm-none-eabi/5.4.1/armv6-m\libgcc.a(floatsisf.o)
                0x00001b40                __aeabi_i2f
 .text          0x00001bd0       0x3c c:/program files (x86)/cypress/psoc creator/4.2/psoc creator/import/gnu/arm/5.4.1/bin/../lib/gcc/arm-none-eabi/5.4.1/armv6-m\libgcc.a(_clzsi2.o)
                0x00001bd0                __clzsi2
 .text          0x00001c0c      0x1bc c:/program files (x86)/cypress/psoc creator/4.2/psoc creator/import/gnu/arm/5.4.1/bin/../lib/gcc/arm-none-eabi/5.4.1/armv6-m\libgcc.a(_divdi3.o)
                0x00001c0c                __divdi3
 .text          0x00001dc8       0x18 c:/program files (x86)/cypress/psoc creator/4.2/psoc creator/import/gnu/arm/5.4.1/bin/../lib/gcc/arm-none-eabi/5.4.1/armv6-m\libgcc.a(_clzdi2.o)
                0x00001dc8                __clzdi2
 .text.__errno  0x00001de0        0xc c:/program files (x86)/cypress/psoc creator/4.2/psoc creator/import/gnu/arm/5.4.1/bin/../lib/gcc/arm-none-eabi/5.4.1/../../../../arm-none-eabi/lib/armv6-m\libg_nano.a(lib_a-errno.o)
                0x00001de0                __errno
 .text.__libc_init_array
                0x00001dec       0x4c c:/program files (x86)/cypress/psoc creator/4.2/psoc creator/import/gnu/arm/5.4.1/bin/../lib/gcc/arm-none-eabi/5.4.1/../../../../arm-none-eabi/lib/armv6-m\libg_nano.a(lib_a-init.o)
                0x00001dec                __libc_init_array
 .text.memcpy   0x00001e38       0x12 c:/program files (x86)/cypress/psoc creator/4.2/psoc creator/import/gnu/arm/5.4.1/bin/../lib/gcc/arm-none-eabi/5.4.1/../../../../arm-none-eabi/lib/armv6-m\libg_nano.a(lib_a-memcpy-stub.o)
                0x00001e38                memcpy
 .text.memset   0x00001e4a       0x10 c:/program files (x86)/cypress/psoc creator/4.2/psoc creator/import/gnu/arm/5.4.1/bin/../lib/gcc/arm-none-eabi/5.4.1/../../../../arm-none-eabi/lib/armv6-m\libg_nano.a(lib_a-memset.o)
                0x00001e4a                memset
 *fill*         0x00001e5a        0x2 
 .text.sprintf  0x00001e5c       0x44 c:/program files (x86)/cypress/psoc creator/4.2/psoc creator/import/gnu/arm/5.4.1/bin/../lib/gcc/arm-none-eabi/5.4.1/../../../../arm-none-eabi/lib/armv6-m\libg_nano.a(lib_a-sprintf.o)
                0x00001e5c                siprintf
                0x00001e5c                sprintf
 .text.__ssputs_r
                0x00001ea0       0xc4 c:/program files (x86)/cypress/psoc creator/4.2/psoc creator/import/gnu/arm/5.4.1/bin/../lib/gcc/arm-none-eabi/5.4.1/../../../../arm-none-eabi/lib/armv6-m\libg_nano.a(lib_a-nano-svfprintf.o)
                0x00001ea0                __ssputs_r
 .text._svfprintf_r
                0x00001f64      0x1fc c:/program files (x86)/cypress/psoc creator/4.2/psoc creator/import/gnu/arm/5.4.1/bin/../lib/gcc/arm-none-eabi/5.4.1/../../../../arm-none-eabi/lib/armv6-m\libg_nano.a(lib_a-nano-svfprintf.o)
                0x00001f64                _svfiprintf_r
                0x00001f64                _svfprintf_r
 .text._printf_common
                0x00002160       0xdc c:/program files (x86)/cypress/psoc creator/4.2/psoc creator/import/gnu/arm/5.4.1/bin/../lib/gcc/arm-none-eabi/5.4.1/../../../../arm-none-eabi/lib/armv6-m\libg_nano.a(lib_a-nano-vfprintf_i.o)
                0x00002160                _printf_common
 .text._printf_i
                0x0000223c      0x244 c:/program files (x86)/cypress/psoc creator/4.2/psoc creator/import/gnu/arm/5.4.1/bin/../lib/gcc/arm-none-eabi/5.4.1/../../../../arm-none-eabi/lib/armv6-m\libg_nano.a(lib_a-nano-vfprintf_i.o)
                0x0000223c                _printf_i
 .text.memchr   0x00002480       0x16 c:/program files (x86)/cypress/psoc creator/4.2/psoc creator/import/gnu/arm/5.4.1/bin/../lib/gcc/arm-none-eabi/5.4.1/../../../../arm-none-eabi/lib/armv6-m\libg_nano.a(lib_a-memchr-stub.o)
                0x00002480                memchr
 .text.memmove  0x00002496       0x2a c:/program files (x86)/cypress/psoc creator/4.2/psoc creator/import/gnu/arm/5.4.1/bin/../lib/gcc/arm-none-eabi/5.4.1/../../../../arm-none-eabi/lib/armv6-m\libg_nano.a(lib_a-memmove.o)
                0x00002496                memmove
 .text._free_r  0x000024c0       0x98 c:/program files (x86)/cypress/psoc creator/4.2/psoc creator/import/gnu/arm/5.4.1/bin/../lib/gcc/arm-none-eabi/5.4.1/../../../../arm-none-eabi/lib/armv6-m\libg_nano.a(lib_a-nano-freer.o)
                0x000024c0                _free_r
 .text._malloc_r
                0x00002558       0xc0 c:/program files (x86)/cypress/psoc creator/4.2/psoc creator/import/gnu/arm/5.4.1/bin/../lib/gcc/arm-none-eabi/5.4.1/../../../../arm-none-eabi/lib/armv6-m\libg_nano.a(lib_a-nano-mallocr.o)
                0x00002558                _malloc_r
 .text._realloc_r
                0x00002618       0x4c c:/program files (x86)/cypress/psoc creator/4.2/psoc creator/import/gnu/arm/5.4.1/bin/../lib/gcc/arm-none-eabi/5.4.1/../../../../arm-none-eabi/lib/armv6-m\libg_nano.a(lib_a-nano-reallocr.o)
                0x00002618                _realloc_r
 .text._sbrk_r  0x00002664       0x24 c:/program files (x86)/cypress/psoc creator/4.2/psoc creator/import/gnu/arm/5.4.1/bin/../lib/gcc/arm-none-eabi/5.4.1/../../../../arm-none-eabi/lib/armv6-m\libg_nano.a(lib_a-sbrkr.o)
                0x00002664                _sbrk_r
 .text.__malloc_lock
                0x00002688        0x2 c:/program files (x86)/cypress/psoc creator/4.2/psoc creator/import/gnu/arm/5.4.1/bin/../lib/gcc/arm-none-eabi/5.4.1/../../../../arm-none-eabi/lib/armv6-m\libg_nano.a(lib_a-mlock.o)
                0x00002688                __malloc_lock
 .text.__malloc_unlock
                0x0000268a        0x2 c:/program files (x86)/cypress/psoc creator/4.2/psoc creator/import/gnu/arm/5.4.1/bin/../lib/gcc/arm-none-eabi/5.4.1/../../../../arm-none-eabi/lib/armv6-m\libg_nano.a(lib_a-mlock.o)
                0x0000268a                __malloc_unlock
 .text._malloc_usable_size_r
                0x0000268c       0x16 c:/program files (x86)/cypress/psoc creator/4.2/psoc creator/import/gnu/arm/5.4.1/bin/../lib/gcc/arm-none-eabi/5.4.1/../../../../arm-none-eabi/lib/armv6-m\libg_nano.a(lib_a-nano-msizer.o)
                0x0000268c                _malloc_usable_size_r
 *(.plt)
 *(.gnu.warning)
 *(.glue_7t)
 .glue_7t       0x000026a2        0x0 linker stubs
 *(.glue_7)
 .glue_7        0x000026a2        0x0 linker stubs
 *(.vfp11_veneer)
 .vfp11_veneer  0x000026a2        0x0 linker stubs
 *(.bootloader)
 *(.ARM.extab* .gnu.linkonce.armextab.*)
 *(.gcc_except_table)

.v4_bx          0x000026a4        0x0
 .v4_bx         0x000026a4        0x0 linker stubs

.iplt           0x000026a4        0x0
 .iplt          0x000026a4        0x0 c:/program files (x86)/cypress/psoc creator/4.2/psoc creator/import/gnu/arm/5.4.1/bin/../lib/gcc/arm-none-eabi/5.4.1/armv6-m/crtbegin.o

.eh_frame_hdr
 *(.eh_frame_hdr)

.eh_frame       0x000026a4        0x4
 *(.eh_frame)
 .eh_frame      0x000026a4        0x0 c:/program files (x86)/cypress/psoc creator/4.2/psoc creator/import/gnu/arm/5.4.1/bin/../lib/gcc/arm-none-eabi/5.4.1/armv6-m/crtbegin.o
 .eh_frame      0x000026a4        0x4 c:/program files (x86)/cypress/psoc creator/4.2/psoc creator/import/gnu/arm/5.4.1/bin/../lib/gcc/arm-none-eabi/5.4.1/armv6-m/crtend.o
                [!provide]                PROVIDE (__exidx_start, .)

.ARM.exidx      0x000026a8        0x8
 *(.ARM.exidx* .gnu.linkonce.armexidx.*)
 .ARM.exidx     0x000026a8        0x8 c:/program files (x86)/cypress/psoc creator/4.2/psoc creator/import/gnu/arm/5.4.1/bin/../lib/gcc/arm-none-eabi/5.4.1/armv6-m\libgcc.a(_divdi3.o)
                0x000026b0                __exidx_end = .

.rodata         0x000026b0      0x4b0
 *(.rodata .rodata.* .gnu.linkonce.r.*)
 .rodata        0x000026b0        0xa .\CortexM0\ARM_GCC_541\Debug\main.o
                0x000026b0                KOD7
 *fill*         0x000026ba        0x2 
 .rodata.str1.4
                0x000026bc       0xa0 .\CortexM0\ARM_GCC_541\Debug\main.o
                                 0x9d (size before relaxing)
 .rodata        0x0000275c      0x2a8 .\CortexM0\ARM_GCC_541\Debug\cyfitter_cfg.o
 .rodata        0x00002a04       0x2e .\CortexM0\ARM_GCC_541\Debug\Design_Task_16.a(CyLib.o)
                0x00002a04                cyImoFreqMhz2Reg
 *fill*         0x00002a32        0x2 
 .rodata        0x00002a34       0x80 c:/program files (x86)/cypress/psoc creator/4.2/psoc creator/import/gnu/arm/5.4.1/bin/../lib/gcc/arm-none-eabi/5.4.1/armv6-m\libgcc.a(divsf3.o)
 .rodata        0x00002ab4       0x40 c:/program files (x86)/cypress/psoc creator/4.2/psoc creator/import/gnu/arm/5.4.1/bin/../lib/gcc/arm-none-eabi/5.4.1/armv6-m\libgcc.a(mulsf3.o)
 .rodata.str1.1
                0x00002af4        0x2 c:/program files (x86)/cypress/psoc creator/4.2/psoc creator/import/gnu/arm/5.4.1/bin/../lib/gcc/arm-none-eabi/5.4.1/../../../../arm-none-eabi/lib/armv6-m\libg_nano.a(lib_a-impure.o)
 .rodata.str1.1
                0x00002af6       0x11 c:/program files (x86)/cypress/psoc creator/4.2/psoc creator/import/gnu/arm/5.4.1/bin/../lib/gcc/arm-none-eabi/5.4.1/../../../../arm-none-eabi/lib/armv6-m\libg_nano.a(lib_a-nano-svfprintf.o)
 .rodata.str1.1
                0x00002b07       0x22 c:/program files (x86)/cypress/psoc creator/4.2/psoc creator/import/gnu/arm/5.4.1/bin/../lib/gcc/arm-none-eabi/5.4.1/../../../../arm-none-eabi/lib/armv6-m\libg_nano.a(lib_a-nano-vfprintf_i.o)
                0x00002b2c                . = ALIGN (0x4)
 *fill*         0x00002b29        0x3 
 *(.init)
 .init          0x00002b2c        0x4 c:/program files (x86)/cypress/psoc creator/4.2/psoc creator/import/gnu/arm/5.4.1/bin/../lib/gcc/arm-none-eabi/5.4.1/armv6-m/crti.o
                0x00002b2c                _init
 .init          0x00002b30        0x8 c:/program files (x86)/cypress/psoc creator/4.2/psoc creator/import/gnu/arm/5.4.1/bin/../lib/gcc/arm-none-eabi/5.4.1/armv6-m/crtn.o
                0x00002b38                . = ALIGN (0x4)
                0x00002b38                __preinit_array_start = .
 *(.preinit_array)
                0x00002b38                __preinit_array_end = .
                0x00002b38                . = ALIGN (0x4)
                0x00002b38                __init_array_start = .
 *(SORT(.init_array.*))
 *(.init_array)
 .init_array    0x00002b38        0x4 c:/program files (x86)/cypress/psoc creator/4.2/psoc creator/import/gnu/arm/5.4.1/bin/../lib/gcc/arm-none-eabi/5.4.1/armv6-m/crtbegin.o
 .init_array    0x00002b3c        0x4 .\CortexM0\ARM_GCC_541\Debug\Cm0Start.o
                0x00002b40                __init_array_end = .
                0x00002b40                . = ALIGN (0x4)
 *(.fini)
 .fini          0x00002b40        0x4 c:/program files (x86)/cypress/psoc creator/4.2/psoc creator/import/gnu/arm/5.4.1/bin/../lib/gcc/arm-none-eabi/5.4.1/armv6-m/crti.o
                0x00002b40                _fini
 .fini          0x00002b44        0x8 c:/program files (x86)/cypress/psoc creator/4.2/psoc creator/import/gnu/arm/5.4.1/bin/../lib/gcc/arm-none-eabi/5.4.1/armv6-m/crtn.o
                0x00002b4c                . = ALIGN (0x4)
                0x00002b4c                __fini_array_start = .
 *(.fini_array)
 .fini_array    0x00002b4c        0x4 c:/program files (x86)/cypress/psoc creator/4.2/psoc creator/import/gnu/arm/5.4.1/bin/../lib/gcc/arm-none-eabi/5.4.1/armv6-m/crtbegin.o
 *(SORT(.fini_array.*))
                0x00002b50                __fini_array_end = .
                0x00002b50                . = ALIGN (0x4)
 *crtbegin.o(.ctors)
 *(EXCLUDE_FILE(*crtend.o) .ctors)
 *(SORT(.ctors.*))
 *crtend.o(.ctors)
                0x00002b50                . = ALIGN (0x4)
 *crtbegin.o(.dtors)
 *(EXCLUDE_FILE(*crtend.o) .dtors)
 *(SORT(.dtors.*))
 *crtend.o(.dtors)
                0x00002b50                . = ALIGN (0x4)
                0x00002b50                __cy_regions = .
                0x00002b50        0x4 LONG 0x2b60 __cy_region_init_ram
                0x00002b54        0x4 LONG 0x200000c0 __cy_region_start_data
                0x00002b58        0x4 LONG 0x90 __cy_region_init_size_ram
                0x00002b5c        0x4 LONG 0x70 __cy_region_zero_size_ram
                0x00002b60                __cy_regions_end = .
                0x00002b60                . = ALIGN (0x8)
                0x00002b60                _etext = .

.cy_checksum_exclude
                0x00002b60        0x0
 *(.cy_checksum_exclude)

.ramvectors     0x20000000       0xc0
                0x20000000                __cy_region_start_ram = .
 *(.ramvectors)
 .ramvectors    0x20000000       0xc0 .\CortexM0\ARM_GCC_541\Debug\Cm0Start.o
                0x20000000                CyRamVectors

.noinit
 *(.noinit)

.data           0x200000c0       0x90 load address 0x00002b60
                0x200000c0                __cy_region_start_data = .
 *(.jcr)
 .jcr           0x200000c0        0x0 c:/program files (x86)/cypress/psoc creator/4.2/psoc creator/import/gnu/arm/5.4.1/bin/../lib/gcc/arm-none-eabi/5.4.1/armv6-m/crtbegin.o
 .jcr           0x200000c0        0x4 c:/program files (x86)/cypress/psoc creator/4.2/psoc creator/import/gnu/arm/5.4.1/bin/../lib/gcc/arm-none-eabi/5.4.1/armv6-m/crtend.o
 *(.got.plt)
 *(.got)
 *(.shdata)
 *(.data .data.* .gnu.linkonce.d.*)
 .data          0x200000c4        0x8 .\CortexM0\ARM_GCC_541\Debug\main.o
                0x200000c4                indyk
 .data          0x200000cc        0x4 .\CortexM0\ARM_GCC_541\Debug\Cm0Start.o
 .data          0x200000d0       0x14 .\CortexM0\ARM_GCC_541\Debug\Design_Task_16.a(CyLib.o)
                0x200000d0                CySysClkPumpConfig
                0x200000d4                cydelay32kMs
                0x200000d8                cydelayFreqKhz
                0x200000dc                cydelayFreqMhz
                0x200000e0                cydelayFreqHz
 .data          0x200000e4        0x8 .\CortexM0\ARM_GCC_541\Debug\Design_Task_16.a(CyLFClk.o)
 .data.impure_data
                0x200000ec       0x60 c:/program files (x86)/cypress/psoc creator/4.2/psoc creator/import/gnu/arm/5.4.1/bin/../lib/gcc/arm-none-eabi/5.4.1/../../../../arm-none-eabi/lib/armv6-m\libg_nano.a(lib_a-impure.o)
 .data._impure_ptr
                0x2000014c        0x4 c:/program files (x86)/cypress/psoc creator/4.2/psoc creator/import/gnu/arm/5.4.1/bin/../lib/gcc/arm-none-eabi/5.4.1/../../../../arm-none-eabi/lib/armv6-m\libg_nano.a(lib_a-impure.o)
                0x2000014c                _impure_ptr
                0x20000150                . = ALIGN (0x8)
 *(.ram)
                0x20000150                _edata = .

.igot.plt       0x20000150        0x0 load address 0x00002bf0
 .igot.plt      0x20000150        0x0 c:/program files (x86)/cypress/psoc creator/4.2/psoc creator/import/gnu/arm/5.4.1/bin/../lib/gcc/arm-none-eabi/5.4.1/armv6-m/crtbegin.o

.bss            0x20000150       0x70 load address 0x00002bf0
                0x20000150                PROVIDE (__bss_start__, .)
 *(.shbss)
 *(.bss .bss.* .gnu.linkonce.b.*)
 .bss           0x20000150       0x1c c:/program files (x86)/cypress/psoc creator/4.2/psoc creator/import/gnu/arm/5.4.1/bin/../lib/gcc/arm-none-eabi/5.4.1/armv6-m/crtbegin.o
 .bss           0x2000016c        0x4 .\CortexM0\ARM_GCC_541\Debug\main.o
                0x2000016e                ovflow
 .bss           0x20000170        0x4 .\CortexM0\ARM_GCC_541\Debug\Design_Task_16.a(UART.o)
                0x20000170                UART_initVar
                0x20000172                UART_IntrTxMask
 .bss           0x20000174        0x1 .\CortexM0\ARM_GCC_541\Debug\Design_Task_16.a(ADC_SAR_Seq.o)
                0x20000174                ADC_SAR_Seq_initVar
 .bss           0x20000175        0x1 .\CortexM0\ARM_GCC_541\Debug\Design_Task_16.a(SPIM.o)
                0x20000175                SPIM_initVar
 *fill*         0x20000176        0x2 
 .bss           0x20000178       0x28 .\CortexM0\ARM_GCC_541\Debug\Design_Task_16.a(CyLFClk.o)
 .bss           0x200001a0        0x1 .\CortexM0\ARM_GCC_541\Debug\Design_Task_16.a(Conv_Counter.o)
                0x200001a0                Conv_Counter_initVar
 .bss           0x200001a1        0x1 .\CortexM0\ARM_GCC_541\Debug\Design_Task_16.a(Second_PWM.o)
                0x200001a1                Second_PWM_initVar
 *fill*         0x200001a2        0x2 
 .bss.__malloc_sbrk_start
                0x200001a4        0x4 c:/program files (x86)/cypress/psoc creator/4.2/psoc creator/import/gnu/arm/5.4.1/bin/../lib/gcc/arm-none-eabi/5.4.1/../../../../arm-none-eabi/lib/armv6-m\libg_nano.a(lib_a-nano-mallocr.o)
                0x200001a4                __malloc_sbrk_start
 .bss.__malloc_free_list
                0x200001a8        0x4 c:/program files (x86)/cypress/psoc creator/4.2/psoc creator/import/gnu/arm/5.4.1/bin/../lib/gcc/arm-none-eabi/5.4.1/../../../../arm-none-eabi/lib/armv6-m\libg_nano.a(lib_a-nano-mallocr.o)
                0x200001a8                __malloc_free_list
 *(COMMON)
 COMMON         0x200001ac        0x8 .\CortexM0\ARM_GCC_541\Debug\main.o
                0x200001ac                temperature
                0x200001b0                conv_speed
 COMMON         0x200001b4        0x6 .\CortexM0\ARM_GCC_541\Debug\Design_Task_16.a(ADC_SAR_Seq.o)
                0x200001b4                ADC_SAR_Seq_countsPer10Volt
                0x200001b8                ADC_SAR_Seq_offset
 *fill*         0x200001ba        0x2 
 COMMON         0x200001bc        0x4 c:/program files (x86)/cypress/psoc creator/4.2/psoc creator/import/gnu/arm/5.4.1/bin/../lib/gcc/arm-none-eabi/5.4.1/../../../../arm-none-eabi/lib/armv6-m\libg_nano.a(lib_a-reent.o)
                0x200001bc                errno
                0x200001c0                . = ALIGN (0x8)
 *(.ram.b)
                0x200001c0                _end = .
                0x200001c0                __end = .
                0x200001c0                PROVIDE (end, .)
                0x200001c0                PROVIDE (__bss_end__, .)
                0x00002b60                __cy_region_init_ram = LOADADDR (.data)
                0x00000090                __cy_region_init_size_ram = (_edata - ADDR (.data))
                0x00000070                __cy_region_zero_size_ram = (_end - _edata)

.heap           0x200001c0       0x80 load address 0x00002bf0
                0x200001c0                . = _end
                0x20000240                . = (. + 0x80)
 *fill*         0x200001c0       0x80 
                0x20000240                __cy_heap_limit = .

.stack          0x20007800      0x800
                0x20007800                __cy_stack_limit = .
                0x20008000                . = (. + 0x800)
 *fill*         0x20007800      0x800 
                0x00000001                ASSERT ((__cy_stack_limit >= __cy_heap_limit), region RAM overflowed with stack)
                0x00000000                cy_checksum_exclude_size = (CY_APPL_LOADABLE == 0x1)?SIZEOF (.cy_checksum_exclude):0x0
                0x00000001                ASSERT ((cy_checksum_exclude_size <= CY_CHECKSUM_EXCLUDE_SIZE), CY_BOOT: Section .cy_checksum_exclude size exceedes specified limit.)
                0x0003ffc0                cyloadermeta_start = (cy_project_type_bootloader || cy_project_type_app_for_stack_and_copier)?(LENGTH (rom) - CY_METADATA_SIZE):0xf0000000

.cyloadermeta
 *(.cyloadermeta)
                0x0003ffc0                cyloadablemeta_start = cy_project_type_app_for_stack_and_copier?((LENGTH (rom) - CY_FLASH_ROW_SIZE) - CY_METADATA_SIZE):((LENGTH (rom) - (CY_FLASH_ROW_SIZE * (CY_APPL_NUM - 0x1))) - CY_METADATA_SIZE)

.cyloadablemeta
 *(.cyloadablemeta)

.cyflashprotect
                0x90400000       0x80
 *(.cyflashprotect)
 .cyflashprotect
                0x90400000       0x80 .\CortexM0\ARM_GCC_541\Debug\cymetadata.o
                0x90400000                cy_meta_flashprotect

.cymeta         0x90500000        0xc
 *(.cymeta)
 .cymeta        0x90500000        0xc .\CortexM0\ARM_GCC_541\Debug\cymetadata.o
                0x90500000                cy_metadata

.cychipprotect  0x90600000        0x1
 *(.cychipprotect)
 .cychipprotect
                0x90600000        0x1 .\CortexM0\ARM_GCC_541\Debug\cymetadata.o
                0x90600000                cy_meta_chipprotect

.rel.dyn        0x00002bf0        0x0 load address 0x90600004
 .rel.iplt      0x00002bf0        0x0 c:/program files (x86)/cypress/psoc creator/4.2/psoc creator/import/gnu/arm/5.4.1/bin/../lib/gcc/arm-none-eabi/5.4.1/armv6-m/crtbegin.o

.stab
 *(.stab)

.stabstr
 *(.stabstr)

.debug
 *(.debug)

.line
 *(.line)

.debug_srcinfo
 *(.debug_srcinfo)

.debug_sfnames
 *(.debug_sfnames)

.debug_aranges  0x00000000      0xb40
 *(.debug_aranges)
 .debug_aranges
                0x00000000       0x40 .\CortexM0\ARM_GCC_541\Debug\main.o
 .debug_aranges
                0x00000040       0x50 .\CortexM0\ARM_GCC_541\Debug\cyfitter_cfg.o
 .debug_aranges
                0x00000090       0x18 .\CortexM0\ARM_GCC_541\Debug\cymetadata.o
 .debug_aranges
                0x000000a8       0x48 .\CortexM0\ARM_GCC_541\Debug\Cm0Start.o
 .debug_aranges
                0x000000f0       0x58 .\CortexM0\ARM_GCC_541\Debug\Design_Task_16.a(UART.o)
 .debug_aranges
                0x00000148       0x90 .\CortexM0\ARM_GCC_541\Debug\Design_Task_16.a(UART_UART.o)
 .debug_aranges
                0x000001d8       0xa8 .\CortexM0\ARM_GCC_541\Debug\Design_Task_16.a(ADC_SAR_Seq.o)
 .debug_aranges
                0x00000280       0x20 .\CortexM0\ARM_GCC_541\Debug\Design_Task_16.a(ADC_SAR_Seq_INT.o)
 .debug_aranges
                0x000002a0       0xd8 .\CortexM0\ARM_GCC_541\Debug\Design_Task_16.a(SPIM.o)
 .debug_aranges
                0x00000378       0x80 .\CortexM0\ARM_GCC_541\Debug\Design_Task_16.a(isr_100Hz.o)
 .debug_aranges
                0x000003f8       0x80 .\CortexM0\ARM_GCC_541\Debug\Design_Task_16.a(isr_1.o)
 .debug_aranges
                0x00000478       0x40 .\CortexM0\ARM_GCC_541\Debug\Design_Task_16.a(SPIM_IntClock.o)
 .debug_aranges
                0x000004b8      0x1d0 .\CortexM0\ARM_GCC_541\Debug\Design_Task_16.a(CyLib.o)
 .debug_aranges
                0x00000688      0x188 .\CortexM0\ARM_GCC_541\Debug\Design_Task_16.a(CyLFClk.o)
 .debug_aranges
                0x00000810      0x158 .\CortexM0\ARM_GCC_541\Debug\Design_Task_16.a(Conv_Counter.o)
 .debug_aranges
                0x00000968      0x158 .\CortexM0\ARM_GCC_541\Debug\Design_Task_16.a(Second_PWM.o)
 .debug_aranges
                0x00000ac0       0x20 .\CortexM0\ARM_GCC_541\Debug\Design_Task_16.a(CyBootAsmGnu.o)
 .debug_aranges
                0x00000ae0       0x60 .\CortexM0\ARM_GCC_541\Debug\Design_Task_16.a(UART_SPI_UART.o)

.debug_pubnames
 *(.debug_pubnames)

.debug_info     0x00000000     0x5a86
 *(.debug_info .gnu.linkonce.wi.*)
 .debug_info    0x00000000      0x551 .\CortexM0\ARM_GCC_541\Debug\main.o
 .debug_info    0x00000551      0x5ec .\CortexM0\ARM_GCC_541\Debug\cyfitter_cfg.o
 .debug_info    0x00000b3d       0xf8 .\CortexM0\ARM_GCC_541\Debug\cymetadata.o
 .debug_info    0x00000c35      0x3a2 .\CortexM0\ARM_GCC_541\Debug\Cm0Start.o
 .debug_info    0x00000fd7      0x23a .\CortexM0\ARM_GCC_541\Debug\Design_Task_16.a(UART.o)
 .debug_info    0x00001211      0x3b5 .\CortexM0\ARM_GCC_541\Debug\Design_Task_16.a(UART_UART.o)
 .debug_info    0x000015c6      0x579 .\CortexM0\ARM_GCC_541\Debug\Design_Task_16.a(ADC_SAR_Seq.o)
 .debug_info    0x00001b3f       0xcb .\CortexM0\ARM_GCC_541\Debug\Design_Task_16.a(ADC_SAR_Seq_INT.o)
 .debug_info    0x00001c0a      0x4df .\CortexM0\ARM_GCC_541\Debug\Design_Task_16.a(SPIM.o)
 .debug_info    0x000020e9      0x305 .\CortexM0\ARM_GCC_541\Debug\Design_Task_16.a(isr_100Hz.o)
 .debug_info    0x000023ee      0x305 .\CortexM0\ARM_GCC_541\Debug\Design_Task_16.a(isr_1.o)
 .debug_info    0x000026f3      0x166 .\CortexM0\ARM_GCC_541\Debug\Design_Task_16.a(SPIM_IntClock.o)
 .debug_info    0x00002859      0xd2b .\CortexM0\ARM_GCC_541\Debug\Design_Task_16.a(CyLib.o)
 .debug_info    0x00003584     0x1071 .\CortexM0\ARM_GCC_541\Debug\Design_Task_16.a(CyLFClk.o)
 .debug_info    0x000045f5      0x8f6 .\CortexM0\ARM_GCC_541\Debug\Design_Task_16.a(Conv_Counter.o)
 .debug_info    0x00004eeb      0x90b .\CortexM0\ARM_GCC_541\Debug\Design_Task_16.a(Second_PWM.o)
 .debug_info    0x000057f6       0x70 .\CortexM0\ARM_GCC_541\Debug\Design_Task_16.a(CyBootAsmGnu.o)
 .debug_info    0x00005866      0x220 .\CortexM0\ARM_GCC_541\Debug\Design_Task_16.a(UART_SPI_UART.o)

.debug_abbrev   0x00000000     0x1681
 *(.debug_abbrev)
 .debug_abbrev  0x00000000      0x168 .\CortexM0\ARM_GCC_541\Debug\main.o
 .debug_abbrev  0x00000168      0x1f0 .\CortexM0\ARM_GCC_541\Debug\cyfitter_cfg.o
 .debug_abbrev  0x00000358       0x5d .\CortexM0\ARM_GCC_541\Debug\cymetadata.o
 .debug_abbrev  0x000003b5      0x1d7 .\CortexM0\ARM_GCC_541\Debug\Cm0Start.o
 .debug_abbrev  0x0000058c       0xd5 .\CortexM0\ARM_GCC_541\Debug\Design_Task_16.a(UART.o)
 .debug_abbrev  0x00000661      0x132 .\CortexM0\ARM_GCC_541\Debug\Design_Task_16.a(UART_UART.o)
 .debug_abbrev  0x00000793      0x184 .\CortexM0\ARM_GCC_541\Debug\Design_Task_16.a(ADC_SAR_Seq.o)
 .debug_abbrev  0x00000917       0x65 .\CortexM0\ARM_GCC_541\Debug\Design_Task_16.a(ADC_SAR_Seq_INT.o)
 .debug_abbrev  0x0000097c      0x15d .\CortexM0\ARM_GCC_541\Debug\Design_Task_16.a(SPIM.o)
 .debug_abbrev  0x00000ad9      0x19a .\CortexM0\ARM_GCC_541\Debug\Design_Task_16.a(isr_100Hz.o)
 .debug_abbrev  0x00000c73      0x19a .\CortexM0\ARM_GCC_541\Debug\Design_Task_16.a(isr_1.o)
 .debug_abbrev  0x00000e0d       0xb7 .\CortexM0\ARM_GCC_541\Debug\Design_Task_16.a(SPIM_IntClock.o)
 .debug_abbrev  0x00000ec4      0x1e0 .\CortexM0\ARM_GCC_541\Debug\Design_Task_16.a(CyLib.o)
 .debug_abbrev  0x000010a4      0x248 .\CortexM0\ARM_GCC_541\Debug\Design_Task_16.a(CyLFClk.o)
 .debug_abbrev  0x000012ec      0x119 .\CortexM0\ARM_GCC_541\Debug\Design_Task_16.a(Conv_Counter.o)
 .debug_abbrev  0x00001405      0x119 .\CortexM0\ARM_GCC_541\Debug\Design_Task_16.a(Second_PWM.o)
 .debug_abbrev  0x0000151e       0x14 .\CortexM0\ARM_GCC_541\Debug\Design_Task_16.a(CyBootAsmGnu.o)
 .debug_abbrev  0x00001532      0x14f .\CortexM0\ARM_GCC_541\Debug\Design_Task_16.a(UART_SPI_UART.o)

.debug_line     0x00000000     0x26ae
 *(.debug_line)
 .debug_line    0x00000000      0x20d .\CortexM0\ARM_GCC_541\Debug\main.o
 .debug_line    0x0000020d      0x1f3 .\CortexM0\ARM_GCC_541\Debug\cyfitter_cfg.o
 .debug_line    0x00000400      0x141 .\CortexM0\ARM_GCC_541\Debug\cymetadata.o
 .debug_line    0x00000541      0x236 .\CortexM0\ARM_GCC_541\Debug\Cm0Start.o
 .debug_line    0x00000777      0x108 .\CortexM0\ARM_GCC_541\Debug\Design_Task_16.a(UART.o)
 .debug_line    0x0000087f      0x1cf .\CortexM0\ARM_GCC_541\Debug\Design_Task_16.a(UART_UART.o)
 .debug_line    0x00000a4e      0x27f .\CortexM0\ARM_GCC_541\Debug\Design_Task_16.a(ADC_SAR_Seq.o)
 .debug_line    0x00000ccd       0x6a .\CortexM0\ARM_GCC_541\Debug\Design_Task_16.a(ADC_SAR_Seq_INT.o)
 .debug_line    0x00000d37      0x25e .\CortexM0\ARM_GCC_541\Debug\Design_Task_16.a(SPIM.o)
 .debug_line    0x00000f95      0x155 .\CortexM0\ARM_GCC_541\Debug\Design_Task_16.a(isr_100Hz.o)
 .debug_line    0x000010ea      0x151 .\CortexM0\ARM_GCC_541\Debug\Design_Task_16.a(isr_1.o)
 .debug_line    0x0000123b       0xc0 .\CortexM0\ARM_GCC_541\Debug\Design_Task_16.a(SPIM_IntClock.o)
 .debug_line    0x000012fb      0x553 .\CortexM0\ARM_GCC_541\Debug\Design_Task_16.a(CyLib.o)
 .debug_line    0x0000184e      0x5db .\CortexM0\ARM_GCC_541\Debug\Design_Task_16.a(CyLFClk.o)
 .debug_line    0x00001e29      0x380 .\CortexM0\ARM_GCC_541\Debug\Design_Task_16.a(Conv_Counter.o)
 .debug_line    0x000021a9      0x383 .\CortexM0\ARM_GCC_541\Debug\Design_Task_16.a(Second_PWM.o)
 .debug_line    0x0000252c       0x68 .\CortexM0\ARM_GCC_541\Debug\Design_Task_16.a(CyBootAsmGnu.o)
 .debug_line    0x00002594      0x11a .\CortexM0\ARM_GCC_541\Debug\Design_Task_16.a(UART_SPI_UART.o)

.debug_frame    0x00000000     0x20e4
 *(.debug_frame)
 .debug_frame   0x00000000       0xb0 .\CortexM0\ARM_GCC_541\Debug\main.o
 .debug_frame   0x000000b0       0xd4 .\CortexM0\ARM_GCC_541\Debug\cyfitter_cfg.o
 .debug_frame   0x00000184       0xbc .\CortexM0\ARM_GCC_541\Debug\Cm0Start.o
 .debug_frame   0x00000240       0xd8 .\CortexM0\ARM_GCC_541\Debug\Design_Task_16.a(UART.o)
 .debug_frame   0x00000318      0x144 .\CortexM0\ARM_GCC_541\Debug\Design_Task_16.a(UART_UART.o)
 .debug_frame   0x0000045c      0x1b0 .\CortexM0\ARM_GCC_541\Debug\Design_Task_16.a(ADC_SAR_Seq.o)
 .debug_frame   0x0000060c       0x20 .\CortexM0\ARM_GCC_541\Debug\Design_Task_16.a(ADC_SAR_Seq_INT.o)
 .debug_frame   0x0000062c      0x1e8 .\CortexM0\ARM_GCC_541\Debug\Design_Task_16.a(SPIM.o)
 .debug_frame   0x00000814      0x110 .\CortexM0\ARM_GCC_541\Debug\Design_Task_16.a(isr_100Hz.o)
 .debug_frame   0x00000924      0x110 .\CortexM0\ARM_GCC_541\Debug\Design_Task_16.a(isr_1.o)
 .debug_frame   0x00000a34       0x6c .\CortexM0\ARM_GCC_541\Debug\Design_Task_16.a(SPIM_IntClock.o)
 .debug_frame   0x00000aa0      0x4a4 .\CortexM0\ARM_GCC_541\Debug\Design_Task_16.a(CyLib.o)
 .debug_frame   0x00000f44      0x4a8 .\CortexM0\ARM_GCC_541\Debug\Design_Task_16.a(CyLFClk.o)
 .debug_frame   0x000013ec      0x3a0 .\CortexM0\ARM_GCC_541\Debug\Design_Task_16.a(Conv_Counter.o)
 .debug_frame   0x0000178c      0x3a0 .\CortexM0\ARM_GCC_541\Debug\Design_Task_16.a(Second_PWM.o)
 .debug_frame   0x00001b2c       0xb0 .\CortexM0\ARM_GCC_541\Debug\Design_Task_16.a(UART_SPI_UART.o)
 .debug_frame   0x00001bdc       0x20 c:/program files (x86)/cypress/psoc creator/4.2/psoc creator/import/gnu/arm/5.4.1/bin/../lib/gcc/arm-none-eabi/5.4.1/armv6-m\libgcc.a(_udivsi3.o)
 .debug_frame   0x00001bfc       0x20 c:/program files (x86)/cypress/psoc creator/4.2/psoc creator/import/gnu/arm/5.4.1/bin/../lib/gcc/arm-none-eabi/5.4.1/armv6-m\libgcc.a(_divsi3.o)
 .debug_frame   0x00001c1c       0x34 c:/program files (x86)/cypress/psoc creator/4.2/psoc creator/import/gnu/arm/5.4.1/bin/../lib/gcc/arm-none-eabi/5.4.1/armv6-m\libgcc.a(_muldi3.o)
 .debug_frame   0x00001c50       0x30 c:/program files (x86)/cypress/psoc creator/4.2/psoc creator/import/gnu/arm/5.4.1/bin/../lib/gcc/arm-none-eabi/5.4.1/armv6-m\libgcc.a(bpabi.o)
 .debug_frame   0x00001c80       0x3c c:/program files (x86)/cypress/psoc creator/4.2/psoc creator/import/gnu/arm/5.4.1/bin/../lib/gcc/arm-none-eabi/5.4.1/armv6-m\libgcc.a(divsf3.o)
 .debug_frame   0x00001cbc       0x38 c:/program files (x86)/cypress/psoc creator/4.2/psoc creator/import/gnu/arm/5.4.1/bin/../lib/gcc/arm-none-eabi/5.4.1/armv6-m\libgcc.a(mulsf3.o)
 .debug_frame   0x00001cf4       0x20 c:/program files (x86)/cypress/psoc creator/4.2/psoc creator/import/gnu/arm/5.4.1/bin/../lib/gcc/arm-none-eabi/5.4.1/armv6-m\libgcc.a(fixsfsi.o)
 .debug_frame   0x00001d14       0x2c c:/program files (x86)/cypress/psoc creator/4.2/psoc creator/import/gnu/arm/5.4.1/bin/../lib/gcc/arm-none-eabi/5.4.1/armv6-m\libgcc.a(floatsisf.o)
 .debug_frame   0x00001d40       0x3c c:/program files (x86)/cypress/psoc creator/4.2/psoc creator/import/gnu/arm/5.4.1/bin/../lib/gcc/arm-none-eabi/5.4.1/armv6-m\libgcc.a(_divdi3.o)
 .debug_frame   0x00001d7c       0x20 c:/program files (x86)/cypress/psoc creator/4.2/psoc creator/import/gnu/arm/5.4.1/bin/../lib/gcc/arm-none-eabi/5.4.1/../../../../arm-none-eabi/lib/armv6-m\libg_nano.a(lib_a-errno.o)
 .debug_frame   0x00001d9c       0x28 c:/program files (x86)/cypress/psoc creator/4.2/psoc creator/import/gnu/arm/5.4.1/bin/../lib/gcc/arm-none-eabi/5.4.1/../../../../arm-none-eabi/lib/armv6-m\libg_nano.a(lib_a-exit.o)
 .debug_frame   0x00001dc4       0x2c c:/program files (x86)/cypress/psoc creator/4.2/psoc creator/import/gnu/arm/5.4.1/bin/../lib/gcc/arm-none-eabi/5.4.1/../../../../arm-none-eabi/lib/armv6-m\libg_nano.a(lib_a-init.o)
 .debug_frame   0x00001df0       0x28 c:/program files (x86)/cypress/psoc creator/4.2/psoc creator/import/gnu/arm/5.4.1/bin/../lib/gcc/arm-none-eabi/5.4.1/../../../../arm-none-eabi/lib/armv6-m\libg_nano.a(lib_a-memcpy-stub.o)
 .debug_frame   0x00001e18       0x20 c:/program files (x86)/cypress/psoc creator/4.2/psoc creator/import/gnu/arm/5.4.1/bin/../lib/gcc/arm-none-eabi/5.4.1/../../../../arm-none-eabi/lib/armv6-m\libg_nano.a(lib_a-memset.o)
 .debug_frame   0x00001e38       0x50 c:/program files (x86)/cypress/psoc creator/4.2/psoc creator/import/gnu/arm/5.4.1/bin/../lib/gcc/arm-none-eabi/5.4.1/../../../../arm-none-eabi/lib/armv6-m\libg_nano.a(lib_a-sprintf.o)
 .debug_frame   0x00001e88       0x74 c:/program files (x86)/cypress/psoc creator/4.2/psoc creator/import/gnu/arm/5.4.1/bin/../lib/gcc/arm-none-eabi/5.4.1/../../../../arm-none-eabi/lib/armv6-m\libg_nano.a(lib_a-nano-svfprintf.o)
 .debug_frame   0x00001efc       0x54 c:/program files (x86)/cypress/psoc creator/4.2/psoc creator/import/gnu/arm/5.4.1/bin/../lib/gcc/arm-none-eabi/5.4.1/../../../../arm-none-eabi/lib/armv6-m\libg_nano.a(lib_a-nano-vfprintf_i.o)
 .debug_frame   0x00001f50       0x20 c:/program files (x86)/cypress/psoc creator/4.2/psoc creator/import/gnu/arm/5.4.1/bin/../lib/gcc/arm-none-eabi/5.4.1/../../../../arm-none-eabi/lib/armv6-m\libg_nano.a(lib_a-memchr-stub.o)
 .debug_frame   0x00001f70       0x28 c:/program files (x86)/cypress/psoc creator/4.2/psoc creator/import/gnu/arm/5.4.1/bin/../lib/gcc/arm-none-eabi/5.4.1/../../../../arm-none-eabi/lib/armv6-m\libg_nano.a(lib_a-memmove.o)
 .debug_frame   0x00001f98       0x2c c:/program files (x86)/cypress/psoc creator/4.2/psoc creator/import/gnu/arm/5.4.1/bin/../lib/gcc/arm-none-eabi/5.4.1/../../../../arm-none-eabi/lib/armv6-m\libg_nano.a(lib_a-nano-freer.o)
 .debug_frame   0x00001fc4       0x2c c:/program files (x86)/cypress/psoc creator/4.2/psoc creator/import/gnu/arm/5.4.1/bin/../lib/gcc/arm-none-eabi/5.4.1/../../../../arm-none-eabi/lib/armv6-m\libg_nano.a(lib_a-nano-mallocr.o)
 .debug_frame   0x00001ff0       0x30 c:/program files (x86)/cypress/psoc creator/4.2/psoc creator/import/gnu/arm/5.4.1/bin/../lib/gcc/arm-none-eabi/5.4.1/../../../../arm-none-eabi/lib/armv6-m\libg_nano.a(lib_a-nano-reallocr.o)
 .debug_frame   0x00002020       0x2c c:/program files (x86)/cypress/psoc creator/4.2/psoc creator/import/gnu/arm/5.4.1/bin/../lib/gcc/arm-none-eabi/5.4.1/../../../../arm-none-eabi/lib/armv6-m\libg_nano.a(lib_a-sbrkr.o)
 .debug_frame   0x0000204c       0x30 c:/program files (x86)/cypress/psoc creator/4.2/psoc creator/import/gnu/arm/5.4.1/bin/../lib/gcc/arm-none-eabi/5.4.1/../../../../arm-none-eabi/lib/armv6-m\libg_nano.a(lib_a-mlock.o)
 .debug_frame   0x0000207c       0x20 c:/program files (x86)/cypress/psoc creator/4.2/psoc creator/import/gnu/arm/5.4.1/bin/../lib/gcc/arm-none-eabi/5.4.1/../../../../arm-none-eabi/lib/armv6-m\libg_nano.a(lib_a-nano-msizer.o)
 .debug_frame   0x0000209c       0x48 c:/program files (x86)/cypress/psoc creator/4.2/psoc creator/import/gnu/arm/5.4.1/bin/../lib/gcc/arm-none-eabi/5.4.1/../../../../arm-none-eabi/lib/armv6-m\libg_nano.a(lib_a-reent.o)

.debug_str      0x00000000     0x26d5
 *(.debug_str)
 .debug_str     0x00000000      0x35c .\CortexM0\ARM_GCC_541\Debug\main.o
                                0x3b3 (size before relaxing)
 .debug_str     0x0000035c      0x1ff .\CortexM0\ARM_GCC_541\Debug\cyfitter_cfg.o
                                0x398 (size before relaxing)
 .debug_str     0x0000055b       0x63 .\CortexM0\ARM_GCC_541\Debug\cymetadata.o
                                0x1a8 (size before relaxing)
 .debug_str     0x000005be      0x13a .\CortexM0\ARM_GCC_541\Debug\Cm0Start.o
                                0x2e1 (size before relaxing)
 .debug_str     0x000006f8       0xf7 .\CortexM0\ARM_GCC_541\Debug\Design_Task_16.a(UART.o)
                                0x277 (size before relaxing)
 .debug_str     0x000007ef      0x1d8 .\CortexM0\ARM_GCC_541\Debug\Design_Task_16.a(UART_UART.o)
                                0x3a8 (size before relaxing)
 .debug_str     0x000009c7      0x1e5 .\CortexM0\ARM_GCC_541\Debug\Design_Task_16.a(ADC_SAR_Seq.o)
                                0x45c (size before relaxing)
 .debug_str     0x00000bac       0x45 .\CortexM0\ARM_GCC_541\Debug\Design_Task_16.a(ADC_SAR_Seq_INT.o)
                                0x1ad (size before relaxing)
 .debug_str     0x00000bf1      0x253 .\CortexM0\ARM_GCC_541\Debug\Design_Task_16.a(SPIM.o)
                                0x3fb (size before relaxing)
 .debug_str     0x00000e44      0x133 .\CortexM0\ARM_GCC_541\Debug\Design_Task_16.a(isr_100Hz.o)
                                0x302 (size before relaxing)
 .debug_str     0x00000f77       0xd8 .\CortexM0\ARM_GCC_541\Debug\Design_Task_16.a(isr_1.o)
                                0x2ca (size before relaxing)
 .debug_str     0x0000104f       0xd2 .\CortexM0\ARM_GCC_541\Debug\Design_Task_16.a(SPIM_IntClock.o)
                                0x25b (size before relaxing)
 .debug_str     0x00001121      0x574 .\CortexM0\ARM_GCC_541\Debug\Design_Task_16.a(CyLib.o)
                                0x7d8 (size before relaxing)
 .debug_str     0x00001695      0x6e3 .\CortexM0\ARM_GCC_541\Debug\Design_Task_16.a(CyLFClk.o)
                                0x918 (size before relaxing)
 .debug_str     0x00001d78      0x499 .\CortexM0\ARM_GCC_541\Debug\Design_Task_16.a(Conv_Counter.o)
                                0x6b7 (size before relaxing)
 .debug_str     0x00002211      0x3e8 .\CortexM0\ARM_GCC_541\Debug\Design_Task_16.a(Second_PWM.o)
                                0x663 (size before relaxing)
 .debug_str     0x000025f9       0xdc .\CortexM0\ARM_GCC_541\Debug\Design_Task_16.a(UART_SPI_UART.o)
                                0x2ae (size before relaxing)

.debug_loc      0x00000000     0x2d92
 *(.debug_loc)
 .debug_loc     0x00000000       0x5e .\CortexM0\ARM_GCC_541\Debug\main.o
 .debug_loc     0x0000005e      0x21c .\CortexM0\ARM_GCC_541\Debug\cyfitter_cfg.o
 .debug_loc     0x0000027a      0x14f .\CortexM0\ARM_GCC_541\Debug\Cm0Start.o
 .debug_loc     0x000003c9       0x7e .\CortexM0\ARM_GCC_541\Debug\Design_Task_16.a(UART.o)
 .debug_loc     0x00000447      0x223 .\CortexM0\ARM_GCC_541\Debug\Design_Task_16.a(UART_UART.o)
 .debug_loc     0x0000066a      0x3b6 .\CortexM0\ARM_GCC_541\Debug\Design_Task_16.a(ADC_SAR_Seq.o)
 .debug_loc     0x00000a20      0x112 .\CortexM0\ARM_GCC_541\Debug\Design_Task_16.a(SPIM.o)
 .debug_loc     0x00000b32       0x82 .\CortexM0\ARM_GCC_541\Debug\Design_Task_16.a(isr_100Hz.o)
 .debug_loc     0x00000bb4       0x82 .\CortexM0\ARM_GCC_541\Debug\Design_Task_16.a(isr_1.o)
 .debug_loc     0x00000c36       0x76 .\CortexM0\ARM_GCC_541\Debug\Design_Task_16.a(SPIM_IntClock.o)
 .debug_loc     0x00000cac      0x818 .\CortexM0\ARM_GCC_541\Debug\Design_Task_16.a(CyLib.o)
 .debug_loc     0x000014c4      0xdaa .\CortexM0\ARM_GCC_541\Debug\Design_Task_16.a(CyLFClk.o)
 .debug_loc     0x0000226e      0x547 .\CortexM0\ARM_GCC_541\Debug\Design_Task_16.a(Conv_Counter.o)
 .debug_loc     0x000027b5      0x547 .\CortexM0\ARM_GCC_541\Debug\Design_Task_16.a(Second_PWM.o)
 .debug_loc     0x00002cfc       0x96 .\CortexM0\ARM_GCC_541\Debug\Design_Task_16.a(UART_SPI_UART.o)

.debug_macinfo
 *(.debug_macinfo)

.debug_ranges   0x00000000      0xa08
 *(.debug_ranges)
 .debug_ranges  0x00000000       0x30 .\CortexM0\ARM_GCC_541\Debug\main.o
 .debug_ranges  0x00000030       0x40 .\CortexM0\ARM_GCC_541\Debug\cyfitter_cfg.o
 .debug_ranges  0x00000070       0x38 .\CortexM0\ARM_GCC_541\Debug\Cm0Start.o
 .debug_ranges  0x000000a8       0x48 .\CortexM0\ARM_GCC_541\Debug\Design_Task_16.a(UART.o)
 .debug_ranges  0x000000f0       0x80 .\CortexM0\ARM_GCC_541\Debug\Design_Task_16.a(UART_UART.o)
 .debug_ranges  0x00000170       0x98 .\CortexM0\ARM_GCC_541\Debug\Design_Task_16.a(ADC_SAR_Seq.o)
 .debug_ranges  0x00000208       0x10 .\CortexM0\ARM_GCC_541\Debug\Design_Task_16.a(ADC_SAR_Seq_INT.o)
 .debug_ranges  0x00000218       0xc8 .\CortexM0\ARM_GCC_541\Debug\Design_Task_16.a(SPIM.o)
 .debug_ranges  0x000002e0       0x70 .\CortexM0\ARM_GCC_541\Debug\Design_Task_16.a(isr_100Hz.o)
 .debug_ranges  0x00000350       0x70 .\CortexM0\ARM_GCC_541\Debug\Design_Task_16.a(isr_1.o)
 .debug_ranges  0x000003c0       0x30 .\CortexM0\ARM_GCC_541\Debug\Design_Task_16.a(SPIM_IntClock.o)
 .debug_ranges  0x000003f0      0x1c0 .\CortexM0\ARM_GCC_541\Debug\Design_Task_16.a(CyLib.o)
 .debug_ranges  0x000005b0      0x178 .\CortexM0\ARM_GCC_541\Debug\Design_Task_16.a(CyLFClk.o)
 .debug_ranges  0x00000728      0x148 .\CortexM0\ARM_GCC_541\Debug\Design_Task_16.a(Conv_Counter.o)
 .debug_ranges  0x00000870      0x148 .\CortexM0\ARM_GCC_541\Debug\Design_Task_16.a(Second_PWM.o)
 .debug_ranges  0x000009b8       0x50 .\CortexM0\ARM_GCC_541\Debug\Design_Task_16.a(UART_SPI_UART.o)

.comment        0x00000000       0x6e
 .comment       0x00000000       0x6e .\CortexM0\ARM_GCC_541\Debug\main.o
                                 0x6f (size before relaxing)
 .comment       0x0000006e       0x6f .\CortexM0\ARM_GCC_541\Debug\cyfitter_cfg.o
 .comment       0x0000006e       0x6f .\CortexM0\ARM_GCC_541\Debug\cymetadata.o
 .comment       0x0000006e       0x6f .\CortexM0\ARM_GCC_541\Debug\Cm0Start.o
 .comment       0x0000006e       0x6f .\CortexM0\ARM_GCC_541\Debug\Design_Task_16.a(UART.o)
 .comment       0x0000006e       0x6f .\CortexM0\ARM_GCC_541\Debug\Design_Task_16.a(UART_UART.o)
 .comment       0x0000006e       0x6f .\CortexM0\ARM_GCC_541\Debug\Design_Task_16.a(ADC_SAR_Seq.o)
 .comment       0x0000006e       0x6f .\CortexM0\ARM_GCC_541\Debug\Design_Task_16.a(ADC_SAR_Seq_INT.o)
 .comment       0x0000006e       0x6f .\CortexM0\ARM_GCC_541\Debug\Design_Task_16.a(SPIM.o)
 .comment       0x0000006e       0x6f .\CortexM0\ARM_GCC_541\Debug\Design_Task_16.a(isr_100Hz.o)
 .comment       0x0000006e       0x6f .\CortexM0\ARM_GCC_541\Debug\Design_Task_16.a(isr_1.o)
 .comment       0x0000006e       0x6f .\CortexM0\ARM_GCC_541\Debug\Design_Task_16.a(SPIM_IntClock.o)
 .comment       0x0000006e       0x6f .\CortexM0\ARM_GCC_541\Debug\Design_Task_16.a(CyLib.o)
 .comment       0x0000006e       0x6f .\CortexM0\ARM_GCC_541\Debug\Design_Task_16.a(CyLFClk.o)
 .comment       0x0000006e       0x6f .\CortexM0\ARM_GCC_541\Debug\Design_Task_16.a(Conv_Counter.o)
 .comment       0x0000006e       0x6f .\CortexM0\ARM_GCC_541\Debug\Design_Task_16.a(Second_PWM.o)
 .comment       0x0000006e       0x6f .\CortexM0\ARM_GCC_541\Debug\Design_Task_16.a(UART_SPI_UART.o)

.debug_weaknames
 *(.debug_weaknames)

.debug_funcnames
 *(.debug_funcnames)

.debug_typenames
 *(.debug_typenames)

.debug_varnames
 *(.debug_varnames)

.note.gnu.arm.ident
 *(.note.gnu.arm.ident)

.ARM.attributes
                0x00000000       0x28
 *(.ARM.attributes)
 .ARM.attributes
                0x00000000       0x1e c:/program files (x86)/cypress/psoc creator/4.2/psoc creator/import/gnu/arm/5.4.1/bin/../lib/gcc/arm-none-eabi/5.4.1/armv6-m/crti.o
 .ARM.attributes
                0x0000001e       0x2c c:/program files (x86)/cypress/psoc creator/4.2/psoc creator/import/gnu/arm/5.4.1/bin/../lib/gcc/arm-none-eabi/5.4.1/armv6-m/crtbegin.o
 .ARM.attributes
                0x0000004a       0x1b c:/program files (x86)/cypress/psoc creator/4.2/psoc creator/import/gnu/arm/5.4.1/bin/../lib/gcc/arm-none-eabi/5.4.1/../../../../arm-none-eabi/lib/armv6-m/crt0.o
 .ARM.attributes
                0x00000065       0x31 .\CortexM0\ARM_GCC_541\Debug\main.o
 .ARM.attributes
                0x00000096       0x31 .\CortexM0\ARM_GCC_541\Debug\cyfitter_cfg.o
 .ARM.attributes
                0x000000c7       0x31 .\CortexM0\ARM_GCC_541\Debug\cymetadata.o
 .ARM.attributes
                0x000000f8       0x31 .\CortexM0\ARM_GCC_541\Debug\Cm0Start.o
 .ARM.attributes
                0x00000129       0x31 .\CortexM0\ARM_GCC_541\Debug\Design_Task_16.a(UART.o)
 .ARM.attributes
                0x0000015a       0x31 .\CortexM0\ARM_GCC_541\Debug\Design_Task_16.a(UART_UART.o)
 .ARM.attributes
                0x0000018b       0x31 .\CortexM0\ARM_GCC_541\Debug\Design_Task_16.a(ADC_SAR_Seq.o)
 .ARM.attributes
                0x000001bc       0x31 .\CortexM0\ARM_GCC_541\Debug\Design_Task_16.a(ADC_SAR_Seq_INT.o)
 .ARM.attributes
                0x000001ed       0x31 .\CortexM0\ARM_GCC_541\Debug\Design_Task_16.a(SPIM.o)
 .ARM.attributes
                0x0000021e       0x31 .\CortexM0\ARM_GCC_541\Debug\Design_Task_16.a(isr_100Hz.o)
 .ARM.attributes
                0x0000024f       0x31 .\CortexM0\ARM_GCC_541\Debug\Design_Task_16.a(isr_1.o)
 .ARM.attributes
                0x00000280       0x31 .\CortexM0\ARM_GCC_541\Debug\Design_Task_16.a(SPIM_IntClock.o)
 .ARM.attributes
                0x000002b1       0x31 .\CortexM0\ARM_GCC_541\Debug\Design_Task_16.a(CyLib.o)
 .ARM.attributes
                0x000002e2       0x31 .\CortexM0\ARM_GCC_541\Debug\Design_Task_16.a(CyLFClk.o)
 .ARM.attributes
                0x00000313       0x31 .\CortexM0\ARM_GCC_541\Debug\Design_Task_16.a(Conv_Counter.o)
 .ARM.attributes
                0x00000344       0x31 .\CortexM0\ARM_GCC_541\Debug\Design_Task_16.a(Second_PWM.o)
 .ARM.attributes
                0x00000375       0x21 .\CortexM0\ARM_GCC_541\Debug\Design_Task_16.a(CyBootAsmGnu.o)
 .ARM.attributes
                0x00000396       0x31 .\CortexM0\ARM_GCC_541\Debug\Design_Task_16.a(UART_SPI_UART.o)
 .ARM.attributes
                0x000003c7       0x1e c:/program files (x86)/cypress/psoc creator/4.2/psoc creator/import/gnu/arm/5.4.1/bin/../lib/gcc/arm-none-eabi/5.4.1/armv6-m\libgcc.a(_udivsi3.o)
 .ARM.attributes
                0x000003e5       0x1e c:/program files (x86)/cypress/psoc creator/4.2/psoc creator/import/gnu/arm/5.4.1/bin/../lib/gcc/arm-none-eabi/5.4.1/armv6-m\libgcc.a(_divsi3.o)
 .ARM.attributes
                0x00000403       0x1e c:/program files (x86)/cypress/psoc creator/4.2/psoc creator/import/gnu/arm/5.4.1/bin/../lib/gcc/arm-none-eabi/5.4.1/armv6-m\libgcc.a(_dvmd_tls.o)
 .ARM.attributes
                0x00000421       0x1e c:/program files (x86)/cypress/psoc creator/4.2/psoc creator/import/gnu/arm/5.4.1/bin/../lib/gcc/arm-none-eabi/5.4.1/armv6-m\libgcc.a(_aeabi_ldivmod.o)
 .ARM.attributes
                0x0000043f       0x2c c:/program files (x86)/cypress/psoc creator/4.2/psoc creator/import/gnu/arm/5.4.1/bin/../lib/gcc/arm-none-eabi/5.4.1/armv6-m\libgcc.a(_muldi3.o)
 .ARM.attributes
                0x0000046b       0x2c c:/program files (x86)/cypress/psoc creator/4.2/psoc creator/import/gnu/arm/5.4.1/bin/../lib/gcc/arm-none-eabi/5.4.1/armv6-m\libgcc.a(bpabi.o)
 .ARM.attributes
                0x00000497       0x2c c:/program files (x86)/cypress/psoc creator/4.2/psoc creator/import/gnu/arm/5.4.1/bin/../lib/gcc/arm-none-eabi/5.4.1/armv6-m\libgcc.a(divsf3.o)
 .ARM.attributes
                0x000004c3       0x2c c:/program files (x86)/cypress/psoc creator/4.2/psoc creator/import/gnu/arm/5.4.1/bin/../lib/gcc/arm-none-eabi/5.4.1/armv6-m\libgcc.a(mulsf3.o)
 .ARM.attributes
                0x000004ef       0x2c c:/program files (x86)/cypress/psoc creator/4.2/psoc creator/import/gnu/arm/5.4.1/bin/../lib/gcc/arm-none-eabi/5.4.1/armv6-m\libgcc.a(fixsfsi.o)
 .ARM.attributes
                0x0000051b       0x2c c:/program files (x86)/cypress/psoc creator/4.2/psoc creator/import/gnu/arm/5.4.1/bin/../lib/gcc/arm-none-eabi/5.4.1/armv6-m\libgcc.a(floatsisf.o)
 .ARM.attributes
                0x00000547       0x1e c:/program files (x86)/cypress/psoc creator/4.2/psoc creator/import/gnu/arm/5.4.1/bin/../lib/gcc/arm-none-eabi/5.4.1/armv6-m\libgcc.a(_clzsi2.o)
 .ARM.attributes
                0x00000565       0x2c c:/program files (x86)/cypress/psoc creator/4.2/psoc creator/import/gnu/arm/5.4.1/bin/../lib/gcc/arm-none-eabi/5.4.1/armv6-m\libgcc.a(_divdi3.o)
 .ARM.attributes
                0x00000591       0x1e c:/program files (x86)/cypress/psoc creator/4.2/psoc creator/import/gnu/arm/5.4.1/bin/../lib/gcc/arm-none-eabi/5.4.1/armv6-m\libgcc.a(_clzdi2.o)
 .ARM.attributes
                0x000005af       0x2c c:/program files (x86)/cypress/psoc creator/4.2/psoc creator/import/gnu/arm/5.4.1/bin/../lib/gcc/arm-none-eabi/5.4.1/../../../../arm-none-eabi/lib/armv6-m\libg_nano.a(lib_a-errno.o)
 .ARM.attributes
                0x000005db       0x2c c:/program files (x86)/cypress/psoc creator/4.2/psoc creator/import/gnu/arm/5.4.1/bin/../lib/gcc/arm-none-eabi/5.4.1/../../../../arm-none-eabi/lib/armv6-m\libg_nano.a(lib_a-exit.o)
 .ARM.attributes
                0x00000607       0x2c c:/program files (x86)/cypress/psoc creator/4.2/psoc creator/import/gnu/arm/5.4.1/bin/../lib/gcc/arm-none-eabi/5.4.1/../../../../arm-none-eabi/lib/armv6-m\libg_nano.a(lib_a-impure.o)
 .ARM.attributes
                0x00000633       0x2c c:/program files (x86)/cypress/psoc creator/4.2/psoc creator/import/gnu/arm/5.4.1/bin/../lib/gcc/arm-none-eabi/5.4.1/../../../../arm-none-eabi/lib/armv6-m\libg_nano.a(lib_a-init.o)
 .ARM.attributes
                0x0000065f       0x2c c:/program files (x86)/cypress/psoc creator/4.2/psoc creator/import/gnu/arm/5.4.1/bin/../lib/gcc/arm-none-eabi/5.4.1/../../../../arm-none-eabi/lib/armv6-m\libg_nano.a(lib_a-memcpy-stub.o)
 .ARM.attributes
                0x0000068b       0x2c c:/program files (x86)/cypress/psoc creator/4.2/psoc creator/import/gnu/arm/5.4.1/bin/../lib/gcc/arm-none-eabi/5.4.1/../../../../arm-none-eabi/lib/armv6-m\libg_nano.a(lib_a-memset.o)
 .ARM.attributes
                0x000006b7       0x2c c:/program files (x86)/cypress/psoc creator/4.2/psoc creator/import/gnu/arm/5.4.1/bin/../lib/gcc/arm-none-eabi/5.4.1/../../../../arm-none-eabi/lib/armv6-m\libg_nano.a(lib_a-sprintf.o)
 .ARM.attributes
                0x000006e3       0x2c c:/program files (x86)/cypress/psoc creator/4.2/psoc creator/import/gnu/arm/5.4.1/bin/../lib/gcc/arm-none-eabi/5.4.1/../../../../arm-none-eabi/lib/armv6-m\libg_nano.a(lib_a-nano-svfprintf.o)
 .ARM.attributes
                0x0000070f       0x2c c:/program files (x86)/cypress/psoc creator/4.2/psoc creator/import/gnu/arm/5.4.1/bin/../lib/gcc/arm-none-eabi/5.4.1/../../../../arm-none-eabi/lib/armv6-m\libg_nano.a(lib_a-nano-vfprintf_i.o)
 .ARM.attributes
                0x0000073b       0x2c c:/program files (x86)/cypress/psoc creator/4.2/psoc creator/import/gnu/arm/5.4.1/bin/../lib/gcc/arm-none-eabi/5.4.1/../../../../arm-none-eabi/lib/armv6-m\libg_nano.a(lib_a-memchr-stub.o)
 .ARM.attributes
                0x00000767       0x2c c:/program files (x86)/cypress/psoc creator/4.2/psoc creator/import/gnu/arm/5.4.1/bin/../lib/gcc/arm-none-eabi/5.4.1/../../../../arm-none-eabi/lib/armv6-m\libg_nano.a(lib_a-memmove.o)
 .ARM.attributes
                0x00000793       0x2c c:/program files (x86)/cypress/psoc creator/4.2/psoc creator/import/gnu/arm/5.4.1/bin/../lib/gcc/arm-none-eabi/5.4.1/../../../../arm-none-eabi/lib/armv6-m\libg_nano.a(lib_a-nano-freer.o)
 .ARM.attributes
                0x000007bf       0x2c c:/program files (x86)/cypress/psoc creator/4.2/psoc creator/import/gnu/arm/5.4.1/bin/../lib/gcc/arm-none-eabi/5.4.1/../../../../arm-none-eabi/lib/armv6-m\libg_nano.a(lib_a-nano-mallocr.o)
 .ARM.attributes
                0x000007eb       0x2c c:/program files (x86)/cypress/psoc creator/4.2/psoc creator/import/gnu/arm/5.4.1/bin/../lib/gcc/arm-none-eabi/5.4.1/../../../../arm-none-eabi/lib/armv6-m\libg_nano.a(lib_a-nano-reallocr.o)
 .ARM.attributes
                0x00000817       0x2c c:/program files (x86)/cypress/psoc creator/4.2/psoc creator/import/gnu/arm/5.4.1/bin/../lib/gcc/arm-none-eabi/5.4.1/../../../../arm-none-eabi/lib/armv6-m\libg_nano.a(lib_a-sbrkr.o)
 .ARM.attributes
                0x00000843       0x2c c:/program files (x86)/cypress/psoc creator/4.2/psoc creator/import/gnu/arm/5.4.1/bin/../lib/gcc/arm-none-eabi/5.4.1/../../../../arm-none-eabi/lib/armv6-m\libg_nano.a(lib_a-mlock.o)
 .ARM.attributes
                0x0000086f       0x2c c:/program files (x86)/cypress/psoc creator/4.2/psoc creator/import/gnu/arm/5.4.1/bin/../lib/gcc/arm-none-eabi/5.4.1/../../../../arm-none-eabi/lib/armv6-m\libg_nano.a(lib_a-nano-msizer.o)
 .ARM.attributes
                0x0000089b       0x2c c:/program files (x86)/cypress/psoc creator/4.2/psoc creator/import/gnu/arm/5.4.1/bin/../lib/gcc/arm-none-eabi/5.4.1/../../../../arm-none-eabi/lib/armv6-m\libg_nano.a(lib_a-reent.o)
 .ARM.attributes
                0x000008c7       0x2c c:/program files (x86)/cypress/psoc creator/4.2/psoc creator/import/gnu/arm/5.4.1/bin/../lib/gcc/arm-none-eabi/5.4.1/armv6-m/crtend.o
 .ARM.attributes
                0x000008f3       0x1e c:/program files (x86)/cypress/psoc creator/4.2/psoc creator/import/gnu/arm/5.4.1/bin/../lib/gcc/arm-none-eabi/5.4.1/armv6-m/crtn.o

/DISCARD/
 *(.note.GNU-stack)
OUTPUT(C:\nazar\poc\Design_Task_16.cydsn\CortexM0\ARM_GCC_541\Debug\Design_Task_16.elf elf32-littlearm)
